This file contains any messages produced by compilers while
running configure, to aid debugging if configure makes a mistake.

It was created by HTSlib configure 1.20, which was
generated by GNU Autoconf 2.72.  Invocation command line was

  $ ./configure --host=x86 --disable-bz2 --disable-lzma

## --------- ##
## Platform. ##
## --------- ##

hostname = sw_hpc_64.qd.sw
uname -m = x86_64
uname -r = 3.10.0-862.14.4.el7.sw.x86_64
uname -s = Linux
uname -v = #1 SMP Fri Nov 20 17:21:07 CST 2020

/usr/bin/uname -p = x86_64
/bin/uname -X     = unknown

/bin/arch              = x86_64
/usr/bin/arch -k       = unknown
/usr/convex/getsysinfo = unknown
/usr/bin/hostinfo      = unknown
/bin/machine           = unknown
/usr/bin/oslevel       = unknown
/bin/universe          = unknown

PATH: /usr/sw/cpucs/
PATH: /usr/sw/ccc/ccc-install-9A/bin/
PATH: /usr/sw/swgcc/swgcc710-tools-SEA-/usr/bin/
PATH: /usr/sw/swgcc/swgcc710-tools-SEA-/usr_sw/bin/
PATH: /usr/sw/llvm/swclang7.0/bin/
PATH: /usr/sw/SACA/bin_for_SACA/
PATH: /usr/sw/mpi/mpi_current/bin/
PATH: /usr/bin/
PATH: /bin/
PATH: /usr/sw/swgcc/swgcc710-tools-SEA-1307/usr/bin/
PATH: /usr/sw/swgcc/swgcc710-tools-SEA-1307/usr_sw/bin/
PATH: /home/export/base/shisuan/swls-CFD/.vscode-server/cli/servers/Stable-bf9252a2fb45be6893dd8870c0bf37e2e1766d61/server/bin/remote-cli/
PATH: /usr/sw/cpucs/
PATH: /usr/sw/ccc/ccc-install-9A/bin/
PATH: /usr/sw/swgcc/swgcc710-tools-SEA-/usr/bin/
PATH: /usr/sw/swgcc/swgcc710-tools-SEA-/usr_sw/bin/
PATH: /usr/sw/llvm/swclang7.0/bin/
PATH: /usr/sw/SACA/bin_for_SACA/
PATH: /usr/sw/mpi/mpi_current/bin/
PATH: /usr/bin/
PATH: /bin/
PATH: /usr/sw/swgcc/swgcc710-tools-SEA-1307/usr/bin/
PATH: /usr/sw/swgcc/swgcc710-tools-SEA-1307/usr_sw/bin/
PATH: /home/export/base/shisuan/swls-CFD/micromamba/condabin/
PATH: /usr/sw/cpucs/
PATH: /usr/sw/ccc/ccc-install-9A/bin/
PATH: /usr/sw/swgcc/swgcc710-tools-SEA-/usr/bin/
PATH: /usr/sw/swgcc/swgcc710-tools-SEA-/usr_sw/bin/
PATH: /usr/sw/llvm/swclang7.0/bin/
PATH: /usr/sw/SACA/bin_for_SACA/
PATH: /usr/sw/mpi/mpi_current/bin/
PATH: /usr/bin/
PATH: /bin/
PATH: /usr/sw/swgcc/swgcc710-tools-SEA-1307/usr/bin/
PATH: /usr/sw/swgcc/swgcc710-tools-SEA-1307/usr_sw/bin/
PATH: /usr/local/bin/
PATH: /usr/bin/
PATH: /opt/ibutils/bin/
PATH: /usr/sw/bin/
PATH: /usr/sw/ostools/
PATH: /usr/sw/mcore/
PATH: /usr/sw/mpi/mpi_current/bin/
PATH: /usr/sw/penv/bin/
PATH: /usr/sw/cmake-3.23.0-rc3-linux-x86_64/bin/
PATH: /usr/sw/MATLAB/R2016b/bin/
PATH: /usr/sw/swcl/bin/
PATH: /usr/sw/md/bin/
PATH: /usr/sw/swfile/bin/
PATH: /usr/local/sbin/
PATH: /usr/sbin/
PATH: /usr/sw/bin/
PATH: /usr/sw/ostools/
PATH: /usr/sw/mcore/
PATH: /usr/sw/mpi/mpi_current/bin/
PATH: /usr/sw/penv/bin/
PATH: /usr/sw/cmake-3.23.0-rc3-linux-x86_64/bin/
PATH: /usr/sw/MATLAB/R2016b/bin/
PATH: /usr/sw/swcl/bin/
PATH: /usr/sw/md/bin/
PATH: /usr/sw/swfile/bin/
PATH: /home/export/base/shisuan/swls-CFD/bin/
PATH: /usr/sw/bin/
PATH: /usr/sw/ostools/
PATH: /usr/sw/mcore/
PATH: /usr/sw/mpi/mpi_current/bin/
PATH: /usr/sw/penv/bin/
PATH: /usr/sw/cmake-3.23.0-rc3-linux-x86_64/bin/
PATH: /usr/sw/MATLAB/R2016b/bin/
PATH: /usr/sw/swcl/bin/
PATH: /usr/sw/md/bin/
PATH: /usr/sw/swfile/bin/


## ----------- ##
## Core tests. ##
## ----------- ##

configure:2436: looking for aux files: config.guess config.sub
configure:2449:  trying ./
configure:2478:   ./config.guess found
configure:2478:   ./config.sub found
configure:2704: checking for x86-gcc
configure:2737: result: swgcc
configure:3142: checking for C compiler version
configure:3151: swgcc --version >&5
swgcc (GCC) 7.1.0 20170502 (swgcc-1307 Committer: yangt <yangt@email.email> by comp9 at localhost.localdomain on Thu Jul 22 08:26:01 CST 2021)
Copyright (C) 2017 Free Software Foundation, Inc.
This is free software; see the source for copying conditions.  There is NO
warranty; not even for MERCHANTABILITY or FITNESS FOR A PARTICULAR PURPOSE.

configure:3162: $? = 0
configure:3151: swgcc -v >&5
Reading specs from /usr/sw/swgcc/swgcc710-tools-SEA-1307/usr/bin/../lib/gcc/sw_64sw6a-sunway-linux-gnu/7.1.0/specs
COLLECT_GCC=swgcc
COLLECT_LTO_WRAPPER=/usr/sw/swgcc/swgcc710-tools-SEA-1307/usr/bin/../libexec/gcc/sw_64sw6a-sunway-linux-gnu/7.1.0/lto-wrapper
Target: sw_64sw6a-sunway-linux-gnu
Configured with: /usr1/comp9/swgcc710/gcc-7.1.0/configure --prefix=/usr1/comp9/swgcc710-tools-SEA-1307/usr --with-gmp=/usr1/comp9/swgcc710-tools-SEA-1307/usr/lib_for_gcc --with-mpfr=/usr1/comp9/swgcc710-tools-SEA-1307/usr/lib_for_gcc --with-isl=/usr1/comp9/swgcc710-tools-SEA-1307/usr/lib_for_gcc --enable-shared --enable-languages=c,c++,fortran --build=x86_64-redhat-linux --host=x86_64-redhat-linux --target=sw_64sw6a-sunway-linux-gnu --disable-multilib --enable-c99 --enable-long-long --enable-threads=posix --enable-__cxa_atexit --disable-nls --disable-libgcc_slave --disable-libgfortran_slave --disable-libstdcxx_slave --with-sysroot=/usr1/comp9/swgcc710-tools-SEA-1307 CFLAGS='-g -gdwarf-2' CXXFLAGS='-g -gdwarf-2' --disable-werror
Thread model: posix
gcc version 7.1.0 20170502 (swgcc-1307 Committer: yangt <yangt@email.email> by comp9 at localhost.localdomain on Thu Jul 22 08:26:01 CST 2021) (GCC) 
configure:3162: $? = 0
configure:3151: swgcc -V >&5
swgcc: error: unrecognized command line option '-V'
swgcc: fatal error: no input files
compilation terminated.
configure:3162: $? = 1
configure:3151: swgcc -qversion >&5
swgcc: error: unrecognized command line option '-qversion'; did you mean '--version'?
swgcc: fatal error: no input files
compilation terminated.
configure:3162: $? = 1
configure:3151: swgcc -version >&5
swgcc: error: unrecognized command line option '-version'
swgcc: fatal error: no input files
compilation terminated.
configure:3162: $? = 1
configure:3182: checking whether the C compiler works
configure:3204: swgcc    conftest.c  >&5
configure:3208: $? = 0
configure:3259: result: yes
configure:3263: checking for C compiler default output file name
configure:3265: result: a.out
configure:3271: checking for suffix of executables
configure:3278: swgcc -o conftest    conftest.c  >&5
configure:3282: $? = 0
configure:3306: result: 
configure:3330: checking whether we are cross compiling
configure:3338: swgcc -o conftest    conftest.c  >&5
configure:3342: $? = 0
configure:3349: ./conftest
./configure: line 3351: ./conftest: cannot execute binary file
configure:3353: $? = 126
configure:3368: result: yes
configure:3374: checking for suffix of object files
configure:3397: swgcc -c   conftest.c >&5
configure:3401: $? = 0
configure:3425: result: o
configure:3429: checking whether the compiler supports GNU C
configure:3449: swgcc -c   conftest.c >&5
configure:3449: $? = 0
configure:3461: result: yes
configure:3472: checking whether swgcc accepts -g
configure:3493: swgcc -c -g  conftest.c >&5
configure:3493: $? = 0
configure:3540: result: yes
configure:3560: checking for swgcc option to enable C11 features
configure:3575: swgcc  -c -g -O2  conftest.c >&5
configure:3575: $? = 0
configure:3594: result: none needed
configure:3715: checking for x86-ranlib
configure:3751: result: no
configure:3761: checking for ranlib
configure:3782: found /usr/bin/ranlib
configure:3794: result: ranlib
configure:3806: WARNING: using cross tools not prefixed with host triplet
configure:3817: checking for grep that handles long lines and -e
configure:3883: result: /usr/bin/grep
configure:3913: checking for C compiler warning flags
configure:4055: result: -Wall
configure:4164: checking for swgcc options needed to detect all undeclared functions
configure:4186: swgcc -c  -Wall -g -O2   conftest.c >&5
conftest.c: In function 'main':
conftest.c:13:8: error: 'strchr' undeclared (first use in this function)
 (void) strchr;
        ^~~~~~
conftest.c:13:8: note: each undeclared identifier is reported only once for each function it appears in
configure:4186: $? = 1
configure: failed program was:
| /* confdefs.h */
| #define PACKAGE_NAME "HTSlib"
| #define PACKAGE_TARNAME "htslib"
| #define PACKAGE_VERSION "1.20"
| #define PACKAGE_STRING "HTSlib 1.20"
| #define PACKAGE_BUGREPORT "samtools-help@lists.sourceforge.net"
| #define PACKAGE_URL "http://www.htslib.org/"
| /* end confdefs.h.  */
| 
| int
| main (void)
| {
| (void) strchr;
|   ;
|   return 0;
| }
configure:4213: swgcc -c  -Wall -g -O2   conftest.c >&5
configure:4213: $? = 0
configure:4233: result: none needed
configure:4251: checking for stdio.h
configure:4251: swgcc -c  -Wall -g -O2  conftest.c >&5
configure:4251: $? = 0
configure:4251: result: yes
configure:4251: checking for stdlib.h
configure:4251: swgcc -c  -Wall -g -O2  conftest.c >&5
configure:4251: $? = 0
configure:4251: result: yes
configure:4251: checking for string.h
configure:4251: swgcc -c  -Wall -g -O2  conftest.c >&5
configure:4251: $? = 0
configure:4251: result: yes
configure:4251: checking for inttypes.h
configure:4251: swgcc -c  -Wall -g -O2  conftest.c >&5
configure:4251: $? = 0
configure:4251: result: yes
configure:4251: checking for stdint.h
configure:4251: swgcc -c  -Wall -g -O2  conftest.c >&5
configure:4251: $? = 0
configure:4251: result: yes
configure:4251: checking for strings.h
configure:4251: swgcc -c  -Wall -g -O2  conftest.c >&5
configure:4251: $? = 0
configure:4251: result: yes
configure:4251: checking for sys/stat.h
configure:4251: swgcc -c  -Wall -g -O2  conftest.c >&5
configure:4251: $? = 0
configure:4251: result: yes
configure:4251: checking for sys/types.h
configure:4251: swgcc -c  -Wall -g -O2  conftest.c >&5
configure:4251: $? = 0
configure:4251: result: yes
configure:4251: checking for unistd.h
configure:4251: swgcc -c  -Wall -g -O2  conftest.c >&5
configure:4251: $? = 0
configure:4251: result: yes
configure:4251: checking for sys/param.h
configure:4251: swgcc -c  -Wall -g -O2  conftest.c >&5
configure:4251: $? = 0
configure:4251: result: yes
configure:4276: checking whether _XOPEN_SOURCE is declared
configure:4276: swgcc -c  -Wall -g -O2   conftest.c >&5
conftest.c: In function 'main':
conftest.c:55:10: error: '_XOPEN_SOURCE' undeclared (first use in this function); did you mean '_POSIX_SOURCE'?
   (void) _XOPEN_SOURCE;
          ^~~~~~~~~~~~~
          _POSIX_SOURCE
conftest.c:55:10: note: each undeclared identifier is reported only once for each function it appears in
configure:4276: $? = 1
configure: failed program was:
| /* confdefs.h */
| #define PACKAGE_NAME "HTSlib"
| #define PACKAGE_TARNAME "htslib"
| #define PACKAGE_VERSION "1.20"
| #define PACKAGE_STRING "HTSlib 1.20"
| #define PACKAGE_BUGREPORT "samtools-help@lists.sourceforge.net"
| #define PACKAGE_URL "http://www.htslib.org/"
| #define HAVE_STDIO_H 1
| #define HAVE_STDLIB_H 1
| #define HAVE_STRING_H 1
| #define HAVE_INTTYPES_H 1
| #define HAVE_STDINT_H 1
| #define HAVE_STRINGS_H 1
| #define HAVE_SYS_STAT_H 1
| #define HAVE_SYS_TYPES_H 1
| #define HAVE_UNISTD_H 1
| #define HAVE_SYS_PARAM_H 1
| #define STDC_HEADERS 1
| /* end confdefs.h.  */
| #include <stddef.h>
| #ifdef HAVE_STDIO_H
| # include <stdio.h>
| #endif
| #ifdef HAVE_STDLIB_H
| # include <stdlib.h>
| #endif
| #ifdef HAVE_STRING_H
| # include <string.h>
| #endif
| #ifdef HAVE_INTTYPES_H
| # include <inttypes.h>
| #endif
| #ifdef HAVE_STDINT_H
| # include <stdint.h>
| #endif
| #ifdef HAVE_STRINGS_H
| # include <strings.h>
| #endif
| #ifdef HAVE_SYS_TYPES_H
| # include <sys/types.h>
| #endif
| #ifdef HAVE_SYS_STAT_H
| # include <sys/stat.h>
| #endif
| #ifdef HAVE_UNISTD_H
| # include <unistd.h>
| #endif
| int
| main (void)
| {
| #ifndef _XOPEN_SOURCE
| #ifdef __cplusplus
|   (void) _XOPEN_SOURCE;
| #else
|   (void) _XOPEN_SOURCE;
| #endif
| #endif
| 
|   ;
|   return 0;
| }
configure:4276: result: no
configure:4287: checking C compiler flags needed for sse4.1
configure:4315: swgcc -o conftest  -Wall -g -O2   conftest.c  >&5
configure:4315: $? = 0
configure:4358: result: none
configure:4395: checking C compiler flags needed for avx2
configure:4424: swgcc -o conftest  -Wall -g -O2   conftest.c  >&5
configure:4424: $? = 0
configure:4468: result: none
configure:4499: checking C compiler flags needed for avx512f
configure:4527: swgcc -o conftest  -Wall -g -O2   conftest.c  >&5
configure:4527: $? = 0
configure:4570: result: none
configure:4612: checking for x86-pkg-config
configure:4651: result: no
configure:4661: checking for pkg-config
configure:4684: found /usr/bin/pkg-config
configure:4697: result: /usr/bin/pkg-config
configure:4722: checking pkg-config is at least version 0.9.0
configure:4725: result: yes
configure:4777: checking for swgcc option to enable large file support
configure:4812: swgcc -c  -Wall -g -O2  conftest.c >&5
configure:4812: $? = 0
configure:4818: swgcc -DFTYPE=ino_t -c  -Wall -g -O2  conftest.c >&5
conftest.c:38:7: error: size of array 'FTYPE_is_large' is negative
   int FTYPE_is_large[(LARGE_FTYPE % 2147483629 == 721
       ^~~~~~~~~~~~~~
configure:4818: $? = 1
configure: failed program was:
| /* confdefs.h */
| #define PACKAGE_NAME "HTSlib"
| #define PACKAGE_TARNAME "htslib"
| #define PACKAGE_VERSION "1.20"
| #define PACKAGE_STRING "HTSlib 1.20"
| #define PACKAGE_BUGREPORT "samtools-help@lists.sourceforge.net"
| #define PACKAGE_URL "http://www.htslib.org/"
| #define HAVE_STDIO_H 1
| #define HAVE_STDLIB_H 1
| #define HAVE_STRING_H 1
| #define HAVE_INTTYPES_H 1
| #define HAVE_STDINT_H 1
| #define HAVE_STRINGS_H 1
| #define HAVE_SYS_STAT_H 1
| #define HAVE_SYS_TYPES_H 1
| #define HAVE_UNISTD_H 1
| #define HAVE_SYS_PARAM_H 1
| #define STDC_HEADERS 1
| #define _XOPEN_SOURCE 600
| #define HAVE_SSSE3 1
| #define HAVE_POPCNT 1
| #define HAVE_SSE4_1 1
| #define UBSAN 1
| #define HAVE_POPCNT 1
| #define HAVE_AVX2 1
| #define HAVE_POPCNT 1
| #define HAVE_AVX512 1
| /* end confdefs.h.  */
| #include <sys/types.h>
| #ifndef FTYPE
| # define FTYPE off_t
| #endif
|  /* Check that FTYPE can represent 2**63 - 1 correctly.
|     We can't simply define LARGE_FTYPE to be 9223372036854775807,
|     since some C++ compilers masquerading as C compilers
|     incorrectly reject 9223372036854775807.  */
| #define LARGE_FTYPE (((FTYPE) 1 << 31 << 31) - 1 + ((FTYPE) 1 << 31 << 31))
|   int FTYPE_is_large[(LARGE_FTYPE % 2147483629 == 721
| 		       && LARGE_FTYPE % 2147483647 == 1)
| 		      ? 1 : -1];
| int
| main (void)
| {
| 
|   ;
|   return 0;
| }
configure:4823: swgcc -DFTYPE=ino_t -D_FILE_OFFSET_BITS=64 -c  -Wall -g -O2  conftest.c >&5
configure:4823: $? = 0
configure:4843: result: -D_FILE_OFFSET_BITS=64
configure:5052: checking shared library type for x86
configure:5082: result: plain .so
configure:5088: checking whether the linker supports versioned symbols
configure:5108: swgcc -o conftest  -Wall -g -O2  -Wl,-version-script,./htslib.map  conftest.c  >&5
configure:5108: $? = 0
configure:5121: result: yes
configure:5140: checking whether the compiler accepts -fvisibility=hidden
configure:5161: swgcc -o conftest  -Wall -g -O2 -fvisibility=hidden   -fvisibility=hidden conftest.c  >&5
configure:5161: $? = 0
configure:5178: result: yes
configure:5241: checking build system type
configure:5257: result: x86_64-pc-linux-gnu
configure:5277: checking host system type
configure:5292: result: x86-unknown-none
configure:5317: checking for getpagesize
configure:5317: swgcc -o conftest  -Wall -g -O2 -fvisibility=hidden   -fvisibility=hidden conftest.c  >&5
configure:5317: $? = 0
configure:5317: result: yes
configure:5328: checking for working mmap
configure:5492: result: no
configure:5501: checking for gmtime_r
configure:5501: swgcc -o conftest  -Wall -g -O2 -fvisibility=hidden   -fvisibility=hidden conftest.c  >&5
configure:5501: $? = 0
configure:5501: result: yes
configure:5507: checking for fsync
configure:5507: swgcc -o conftest  -Wall -g -O2 -fvisibility=hidden   -fvisibility=hidden conftest.c  >&5
configure:5507: $? = 0
configure:5507: result: yes
configure:5513: checking for drand48
configure:5513: swgcc -o conftest  -Wall -g -O2 -fvisibility=hidden   -fvisibility=hidden conftest.c  >&5
configure:5513: $? = 0
configure:5513: result: yes
configure:5519: checking for srand48_deterministic
configure:5519: swgcc -o conftest  -Wall -g -O2 -fvisibility=hidden   -fvisibility=hidden conftest.c  >&5
/tmp/ccS0m04l.o: In function `main':
/home/export/online1/mdt00/shisuan/swls-CFD/guoshi/wzs/code/RabbitBAM/ext/htslib-1.20/conftest.c:61: undefined reference to `srand48_deterministic'
/home/export/online1/mdt00/shisuan/swls-CFD/guoshi/wzs/code/RabbitBAM/ext/htslib-1.20/conftest.c:61: undefined reference to `srand48_deterministic'
collect2: error: ld returned 1 exit status
configure:5519: $? = 1
configure: failed program was:
| /* confdefs.h */
| #define PACKAGE_NAME "HTSlib"
| #define PACKAGE_TARNAME "htslib"
| #define PACKAGE_VERSION "1.20"
| #define PACKAGE_STRING "HTSlib 1.20"
| #define PACKAGE_BUGREPORT "samtools-help@lists.sourceforge.net"
| #define PACKAGE_URL "http://www.htslib.org/"
| #define HAVE_STDIO_H 1
| #define HAVE_STDLIB_H 1
| #define HAVE_STRING_H 1
| #define HAVE_INTTYPES_H 1
| #define HAVE_STDINT_H 1
| #define HAVE_STRINGS_H 1
| #define HAVE_SYS_STAT_H 1
| #define HAVE_SYS_TYPES_H 1
| #define HAVE_UNISTD_H 1
| #define HAVE_SYS_PARAM_H 1
| #define STDC_HEADERS 1
| #define _XOPEN_SOURCE 600
| #define HAVE_SSSE3 1
| #define HAVE_POPCNT 1
| #define HAVE_SSE4_1 1
| #define UBSAN 1
| #define HAVE_POPCNT 1
| #define HAVE_AVX2 1
| #define HAVE_POPCNT 1
| #define HAVE_AVX512 1
| #define _FILE_OFFSET_BITS 64
| #define HAVE_GETPAGESIZE 1
| #define HAVE_GMTIME_R 1
| #define HAVE_FSYNC 1
| #define HAVE_DRAND48 1
| /* end confdefs.h.  */
| /* Define srand48_deterministic to an innocuous variant, in case <limits.h> declares srand48_deterministic.
|    For example, HP-UX 11i <limits.h> declares gettimeofday.  */
| #define srand48_deterministic innocuous_srand48_deterministic
| 
| /* System header to define __stub macros and hopefully few prototypes,
|    which can conflict with char srand48_deterministic (void); below.  */
| 
| #include <limits.h>
| #undef srand48_deterministic
| 
| /* Override any GCC internal prototype to avoid an error.
|    Use char because int might match the return type of a GCC
|    builtin and then its argument prototype would still apply.  */
| #ifdef __cplusplus
| extern "C"
| #endif
| char srand48_deterministic (void);
| /* The GNU C library defines this for functions which it implements
|     to always fail with ENOSYS.  Some functions are actually named
|     something starting with __ and the normal name is an alias.  */
| #if defined __stub_srand48_deterministic || defined __stub___srand48_deterministic
| choke me
| #endif
| 
| int
| main (void)
| {
| return srand48_deterministic ();
|   ;
|   return 0;
| }
configure:5519: result: no
configure:5529: checking whether fdatasync is declared
configure:5529: swgcc -c  -Wall -g -O2 -fvisibility=hidden   conftest.c >&5
configure:5529: $? = 0
configure:5529: result: yes
configure:5532: checking for fdatasync
configure:5532: swgcc -o conftest  -Wall -g -O2 -fvisibility=hidden   -fvisibility=hidden conftest.c  >&5
configure:5532: $? = 0
configure:5532: result: yes
configure:5680: checking for library containing log
configure:5716: swgcc -o conftest  -Wall -g -O2 -fvisibility=hidden   -fvisibility=hidden conftest.c  >&5
conftest.c:45:6: warning: conflicting types for built-in function 'log' [-Wbuiltin-declaration-mismatch]
 char log (void);
      ^~~
/tmp/ccCKLE0b.o: In function `main':
/home/export/online1/mdt00/shisuan/swls-CFD/guoshi/wzs/code/RabbitBAM/ext/htslib-1.20/conftest.c:49: undefined reference to `log'
/home/export/online1/mdt00/shisuan/swls-CFD/guoshi/wzs/code/RabbitBAM/ext/htslib-1.20/conftest.c:49: undefined reference to `log'
collect2: error: ld returned 1 exit status
configure:5716: $? = 1
configure: failed program was:
| /* confdefs.h */
| #define PACKAGE_NAME "HTSlib"
| #define PACKAGE_TARNAME "htslib"
| #define PACKAGE_VERSION "1.20"
| #define PACKAGE_STRING "HTSlib 1.20"
| #define PACKAGE_BUGREPORT "samtools-help@lists.sourceforge.net"
| #define PACKAGE_URL "http://www.htslib.org/"
| #define HAVE_STDIO_H 1
| #define HAVE_STDLIB_H 1
| #define HAVE_STRING_H 1
| #define HAVE_INTTYPES_H 1
| #define HAVE_STDINT_H 1
| #define HAVE_STRINGS_H 1
| #define HAVE_SYS_STAT_H 1
| #define HAVE_SYS_TYPES_H 1
| #define HAVE_UNISTD_H 1
| #define HAVE_SYS_PARAM_H 1
| #define STDC_HEADERS 1
| #define _XOPEN_SOURCE 600
| #define HAVE_SSSE3 1
| #define HAVE_POPCNT 1
| #define HAVE_SSE4_1 1
| #define UBSAN 1
| #define HAVE_POPCNT 1
| #define HAVE_AVX2 1
| #define HAVE_POPCNT 1
| #define HAVE_AVX512 1
| #define _FILE_OFFSET_BITS 64
| #define HAVE_GETPAGESIZE 1
| #define HAVE_GMTIME_R 1
| #define HAVE_FSYNC 1
| #define HAVE_DRAND48 1
| #define HAVE_FDATASYNC 1
| /* end confdefs.h.  */
| 
| /* Override any GCC internal prototype to avoid an error.
|    Use char because int might match the return type of a GCC
|    builtin and then its argument prototype would still apply.
|    The 'extern "C"' is for builds by C++ compilers;
|    although this is not generally supported in C code supporting it here
|    has little cost and some practical benefit (sr 110532).  */
| #ifdef __cplusplus
| extern "C"
| #endif
| char log (void);
| int
| main (void)
| {
| return log ();
|   ;
|   return 0;
| }
configure:5716: swgcc -o conftest  -Wall -g -O2 -fvisibility=hidden   -fvisibility=hidden conftest.c -lm   >&5
conftest.c:45:6: warning: conflicting types for built-in function 'log' [-Wbuiltin-declaration-mismatch]
 char log (void);
      ^~~
configure:5716: $? = 0
configure:5738: result: -lm
configure:5760: checking for zlib.h
configure:5760: swgcc -c  -Wall -g -O2 -fvisibility=hidden  conftest.c >&5
configure:5760: $? = 0
configure:5760: result: yes
configure:5770: checking for inflate in -lz
configure:5799: swgcc -o conftest  -Wall -g -O2 -fvisibility=hidden   -fvisibility=hidden conftest.c -lz  -lm  >&5
configure:5799: $? = 0
configure:5811: result: yes
configure:5842: checking for library containing recv
configure:5878: swgcc -o conftest  -Wall -g -O2 -fvisibility=hidden   -fvisibility=hidden conftest.c -lz -lm  >&5
configure:5878: $? = 0
configure:5900: result: none required
configure:6224: checking whether htscodecs files are present
configure:6228: result: yes
configure:6271: checking for libdeflate.h
configure:6271: swgcc -c  -Wall -g -O2 -fvisibility=hidden  conftest.c >&5
conftest.c:38:10: fatal error: libdeflate.h: No such file or directory
 #include <libdeflate.h>
          ^~~~~~~~~~~~~~
compilation terminated.
configure:6271: $? = 1
configure: failed program was:
| /* confdefs.h */
| #define PACKAGE_NAME "HTSlib"
| #define PACKAGE_TARNAME "htslib"
| #define PACKAGE_VERSION "1.20"
| #define PACKAGE_STRING "HTSlib 1.20"
| #define PACKAGE_BUGREPORT "samtools-help@lists.sourceforge.net"
| #define PACKAGE_URL "http://www.htslib.org/"
| #define HAVE_STDIO_H 1
| #define HAVE_STDLIB_H 1
| #define HAVE_STRING_H 1
| #define HAVE_INTTYPES_H 1
| #define HAVE_STDINT_H 1
| #define HAVE_STRINGS_H 1
| #define HAVE_SYS_STAT_H 1
| #define HAVE_SYS_TYPES_H 1
| #define HAVE_UNISTD_H 1
| #define HAVE_SYS_PARAM_H 1
| #define STDC_HEADERS 1
| #define _XOPEN_SOURCE 600
| #define HAVE_SSSE3 1
| #define HAVE_POPCNT 1
| #define HAVE_SSE4_1 1
| #define UBSAN 1
| #define HAVE_POPCNT 1
| #define HAVE_AVX2 1
| #define HAVE_POPCNT 1
| #define HAVE_AVX512 1
| #define _FILE_OFFSET_BITS 64
| #define HAVE_GETPAGESIZE 1
| #define HAVE_GMTIME_R 1
| #define HAVE_FSYNC 1
| #define HAVE_DRAND48 1
| #define HAVE_FDATASYNC 1
| #define HAVE_LIBZ 1
| /* end confdefs.h.  */
| ;
| 
| #include <libdeflate.h>
configure:6271: result: no
configure:6281: checking for libdeflate_deflate_compress in -ldeflate
configure:6310: swgcc -o conftest  -Wall -g -O2 -fvisibility=hidden   -fvisibility=hidden conftest.c -ldeflate  -lz -lm  >&5
/usr/sw/swgcc/swgcc710-tools-SEA-1307/usr/bin/../lib/gcc/sw_64sw6a-sunway-linux-gnu/7.1.0/../../../../sw_64sw6a-sunway-linux-gnu/bin/ld: cannot find -ldeflate
collect2: error: ld returned 1 exit status
configure:6310: $? = 1
configure: failed program was:
| /* confdefs.h */
| #define PACKAGE_NAME "HTSlib"
| #define PACKAGE_TARNAME "htslib"
| #define PACKAGE_VERSION "1.20"
| #define PACKAGE_STRING "HTSlib 1.20"
| #define PACKAGE_BUGREPORT "samtools-help@lists.sourceforge.net"
| #define PACKAGE_URL "http://www.htslib.org/"
| #define HAVE_STDIO_H 1
| #define HAVE_STDLIB_H 1
| #define HAVE_STRING_H 1
| #define HAVE_INTTYPES_H 1
| #define HAVE_STDINT_H 1
| #define HAVE_STRINGS_H 1
| #define HAVE_SYS_STAT_H 1
| #define HAVE_SYS_TYPES_H 1
| #define HAVE_UNISTD_H 1
| #define HAVE_SYS_PARAM_H 1
| #define STDC_HEADERS 1
| #define _XOPEN_SOURCE 600
| #define HAVE_SSSE3 1
| #define HAVE_POPCNT 1
| #define HAVE_SSE4_1 1
| #define UBSAN 1
| #define HAVE_POPCNT 1
| #define HAVE_AVX2 1
| #define HAVE_POPCNT 1
| #define HAVE_AVX512 1
| #define _FILE_OFFSET_BITS 64
| #define HAVE_GETPAGESIZE 1
| #define HAVE_GMTIME_R 1
| #define HAVE_FSYNC 1
| #define HAVE_DRAND48 1
| #define HAVE_FDATASYNC 1
| #define HAVE_LIBZ 1
| /* end confdefs.h.  */
| 
| /* Override any GCC internal prototype to avoid an error.
|    Use char because int might match the return type of a GCC
|    builtin and then its argument prototype would still apply.
|    The 'extern "C"' is for builds by C++ compilers;
|    although this is not generally supported in C code supporting it here
|    has little cost and some practical benefit (sr 110532).  */
| #ifdef __cplusplus
| extern "C"
| #endif
| char libdeflate_deflate_compress (void);
| int
| main (void)
| {
| return libdeflate_deflate_compress ();
|   ;
|   return 0;
| }
configure:6322: result: no
configure:6366: checking for curl/curl.h
configure:6366: swgcc -c  -Wall -g -O2 -fvisibility=hidden  conftest.c >&5
conftest.c:38:10: fatal error: curl/curl.h: No such file or directory
 #include <curl/curl.h>
          ^~~~~~~~~~~~~
compilation terminated.
configure:6366: $? = 1
configure: failed program was:
| /* confdefs.h */
| #define PACKAGE_NAME "HTSlib"
| #define PACKAGE_TARNAME "htslib"
| #define PACKAGE_VERSION "1.20"
| #define PACKAGE_STRING "HTSlib 1.20"
| #define PACKAGE_BUGREPORT "samtools-help@lists.sourceforge.net"
| #define PACKAGE_URL "http://www.htslib.org/"
| #define HAVE_STDIO_H 1
| #define HAVE_STDLIB_H 1
| #define HAVE_STRING_H 1
| #define HAVE_INTTYPES_H 1
| #define HAVE_STDINT_H 1
| #define HAVE_STRINGS_H 1
| #define HAVE_SYS_STAT_H 1
| #define HAVE_SYS_TYPES_H 1
| #define HAVE_UNISTD_H 1
| #define HAVE_SYS_PARAM_H 1
| #define STDC_HEADERS 1
| #define _XOPEN_SOURCE 600
| #define HAVE_SSSE3 1
| #define HAVE_POPCNT 1
| #define HAVE_SSE4_1 1
| #define UBSAN 1
| #define HAVE_POPCNT 1
| #define HAVE_AVX2 1
| #define HAVE_POPCNT 1
| #define HAVE_AVX512 1
| #define _FILE_OFFSET_BITS 64
| #define HAVE_GETPAGESIZE 1
| #define HAVE_GMTIME_R 1
| #define HAVE_FSYNC 1
| #define HAVE_DRAND48 1
| #define HAVE_FDATASYNC 1
| #define HAVE_LIBZ 1
| /* end confdefs.h.  */
| ;
| 
| #include <curl/curl.h>
configure:6366: result: no
configure:6376: checking for curl_easy_pause in -lcurl
configure:6405: swgcc -o conftest  -Wall -g -O2 -fvisibility=hidden   -fvisibility=hidden conftest.c -lcurl  -lz -lm  >&5
/usr/sw/swgcc/swgcc710-tools-SEA-1307/usr/bin/../lib/gcc/sw_64sw6a-sunway-linux-gnu/7.1.0/../../../../sw_64sw6a-sunway-linux-gnu/bin/ld: cannot find -lcurl
collect2: error: ld returned 1 exit status
configure:6405: $? = 1
configure: failed program was:
| /* confdefs.h */
| #define PACKAGE_NAME "HTSlib"
| #define PACKAGE_TARNAME "htslib"
| #define PACKAGE_VERSION "1.20"
| #define PACKAGE_STRING "HTSlib 1.20"
| #define PACKAGE_BUGREPORT "samtools-help@lists.sourceforge.net"
| #define PACKAGE_URL "http://www.htslib.org/"
| #define HAVE_STDIO_H 1
| #define HAVE_STDLIB_H 1
| #define HAVE_STRING_H 1
| #define HAVE_INTTYPES_H 1
| #define HAVE_STDINT_H 1
| #define HAVE_STRINGS_H 1
| #define HAVE_SYS_STAT_H 1
| #define HAVE_SYS_TYPES_H 1
| #define HAVE_UNISTD_H 1
| #define HAVE_SYS_PARAM_H 1
| #define STDC_HEADERS 1
| #define _XOPEN_SOURCE 600
| #define HAVE_SSSE3 1
| #define HAVE_POPCNT 1
| #define HAVE_SSE4_1 1
| #define UBSAN 1
| #define HAVE_POPCNT 1
| #define HAVE_AVX2 1
| #define HAVE_POPCNT 1
| #define HAVE_AVX512 1
| #define _FILE_OFFSET_BITS 64
| #define HAVE_GETPAGESIZE 1
| #define HAVE_GMTIME_R 1
| #define HAVE_FSYNC 1
| #define HAVE_DRAND48 1
| #define HAVE_FDATASYNC 1
| #define HAVE_LIBZ 1
| /* end confdefs.h.  */
| 
| /* Override any GCC internal prototype to avoid an error.
|    Use char because int might match the return type of a GCC
|    builtin and then its argument prototype would still apply.
|    The 'extern "C"' is for builds by C++ compilers;
|    although this is not generally supported in C code supporting it here
|    has little cost and some practical benefit (sr 110532).  */
| #ifdef __cplusplus
| extern "C"
| #endif
| char curl_easy_pause (void);
| int
| main (void)
| {
| return curl_easy_pause ();
|   ;
|   return 0;
| }
configure:6417: result: no
configure:6423: checking for curl_easy_init in -lcurl
configure:6452: swgcc -o conftest  -Wall -g -O2 -fvisibility=hidden   -fvisibility=hidden conftest.c -lcurl  -lz -lm  >&5
/usr/sw/swgcc/swgcc710-tools-SEA-1307/usr/bin/../lib/gcc/sw_64sw6a-sunway-linux-gnu/7.1.0/../../../../sw_64sw6a-sunway-linux-gnu/bin/ld: cannot find -lcurl
collect2: error: ld returned 1 exit status
configure:6452: $? = 1
configure: failed program was:
| /* confdefs.h */
| #define PACKAGE_NAME "HTSlib"
| #define PACKAGE_TARNAME "htslib"
| #define PACKAGE_VERSION "1.20"
| #define PACKAGE_STRING "HTSlib 1.20"
| #define PACKAGE_BUGREPORT "samtools-help@lists.sourceforge.net"
| #define PACKAGE_URL "http://www.htslib.org/"
| #define HAVE_STDIO_H 1
| #define HAVE_STDLIB_H 1
| #define HAVE_STRING_H 1
| #define HAVE_INTTYPES_H 1
| #define HAVE_STDINT_H 1
| #define HAVE_STRINGS_H 1
| #define HAVE_SYS_STAT_H 1
| #define HAVE_SYS_TYPES_H 1
| #define HAVE_UNISTD_H 1
| #define HAVE_SYS_PARAM_H 1
| #define STDC_HEADERS 1
| #define _XOPEN_SOURCE 600
| #define HAVE_SSSE3 1
| #define HAVE_POPCNT 1
| #define HAVE_SSE4_1 1
| #define UBSAN 1
| #define HAVE_POPCNT 1
| #define HAVE_AVX2 1
| #define HAVE_POPCNT 1
| #define HAVE_AVX512 1
| #define _FILE_OFFSET_BITS 64
| #define HAVE_GETPAGESIZE 1
| #define HAVE_GMTIME_R 1
| #define HAVE_FSYNC 1
| #define HAVE_DRAND48 1
| #define HAVE_FDATASYNC 1
| #define HAVE_LIBZ 1
| /* end confdefs.h.  */
| 
| /* Override any GCC internal prototype to avoid an error.
|    Use char because int might match the return type of a GCC
|    builtin and then its argument prototype would still apply.
|    The 'extern "C"' is for builds by C++ compilers;
|    although this is not generally supported in C code supporting it here
|    has little cost and some practical benefit (sr 110532).  */
| #ifdef __cplusplus
| extern "C"
| #endif
| char curl_easy_init (void);
| int
| main (void)
| {
| return curl_easy_init ();
|   ;
|   return 0;
| }
configure:6464: result: no
configure:6484: WARNING: libcurl not enabled: library not found
configure:6521: WARNING: GCS support not enabled: requires libcurl support
configure:6545: WARNING: S3 support not enabled: requires libcurl support
configure:6674: checking for library containing regcomp
configure:6710: swgcc -o conftest  -Wall -g -O2 -fvisibility=hidden   -fvisibility=hidden conftest.c -lz -lm  >&5
configure:6710: $? = 0
configure:6732: result: none required
configure:6905: creating ./config.status

## ---------------------- ##
## Running config.status. ##
## ---------------------- ##

This file was extended by HTSlib config.status 1.20, which was
generated by GNU Autoconf 2.72.  Invocation command line was

  CONFIG_FILES    = 
  CONFIG_HEADERS  = 
  CONFIG_LINKS    = 
  CONFIG_COMMANDS = 
  $ ./config.status 

on sw_hpc_64.qd.sw

config.status:857: creating config.mk
config.status:857: creating htslib.pc.tmp
config.status:857: creating config.h
config.status:1027: config.h is unchanged
config.status:1053: linking htscodecs_bundled.mk to htscodecs.mk

## ---------------- ##
## Cache variables. ##
## ---------------- ##

ac_cv_build=x86_64-pc-linux-gnu
ac_cv_c_compiler_gnu=yes
ac_cv_c_undeclared_builtin_options='none needed'
ac_cv_env_CC_set=set
ac_cv_env_CC_value=swgcc
ac_cv_env_CFLAGS_set=
ac_cv_env_CFLAGS_value=
ac_cv_env_CPPFLAGS_set=
ac_cv_env_CPPFLAGS_value=
ac_cv_env_LDFLAGS_set=
ac_cv_env_LDFLAGS_value=
ac_cv_env_LIBS_set=
ac_cv_env_LIBS_value=
ac_cv_env_PKG_CONFIG_LIBDIR_set=
ac_cv_env_PKG_CONFIG_LIBDIR_value=
ac_cv_env_PKG_CONFIG_PATH_set=
ac_cv_env_PKG_CONFIG_PATH_value=
ac_cv_env_PKG_CONFIG_set=
ac_cv_env_PKG_CONFIG_value=
ac_cv_env_build_alias_set=
ac_cv_env_build_alias_value=
ac_cv_env_host_alias_set=set
ac_cv_env_host_alias_value=x86
ac_cv_env_target_alias_set=
ac_cv_env_target_alias_value=
ac_cv_func_drand48=yes
ac_cv_func_fdatasync=yes
ac_cv_func_fsync=yes
ac_cv_func_getpagesize=yes
ac_cv_func_gmtime_r=yes
ac_cv_func_mmap_fixed_mapped=no
ac_cv_func_srand48_deterministic=no
ac_cv_have_decl__XOPEN_SOURCE=no
ac_cv_have_decl_fdatasync_int_=yes
ac_cv_header_curl_curl_h=no
ac_cv_header_inttypes_h=yes
ac_cv_header_libdeflate_h=no
ac_cv_header_stdint_h=yes
ac_cv_header_stdio_h=yes
ac_cv_header_stdlib_h=yes
ac_cv_header_string_h=yes
ac_cv_header_strings_h=yes
ac_cv_header_sys_param_h=yes
ac_cv_header_sys_stat_h=yes
ac_cv_header_sys_types_h=yes
ac_cv_header_unistd_h=yes
ac_cv_header_zlib_h=yes
ac_cv_host=x86-unknown-none
ac_cv_lib_curl_curl_easy_init=no
ac_cv_lib_curl_curl_easy_pause=no
ac_cv_lib_deflate_libdeflate_deflate_compress=no
ac_cv_lib_z_inflate=yes
ac_cv_objext=o
ac_cv_path_GREP=/usr/bin/grep
ac_cv_path_ac_pt_PKG_CONFIG=/usr/bin/pkg-config
ac_cv_prog_CC=swgcc
ac_cv_prog_ac_ct_RANLIB=ranlib
ac_cv_prog_cc_c11=
ac_cv_prog_cc_g=yes
ac_cv_prog_cc_stdc=
ac_cv_search_log=-lm
ac_cv_search_recv='none required'
ac_cv_search_regcomp='none required'
ac_cv_sys_largefile_opts=-D_FILE_OFFSET_BITS=64
hts_cv_check__fvisibility_hidden=yes
hts_cv_check_cflags_needed_avx2___mavx2__mpopcnt=none
hts_cv_check_cflags_needed_avx512f___mavx512f__mpopcnt=none
hts_cv_check_cflags_needed_sse4_1___msse4_1__mssse3__mpopcnt=none
hts_cv_have_versioned_symbols=yes
hts_cv_prog_cc_warnings=-Wall

## ----------------- ##
## Output variables. ##
## ----------------- ##

CC='swgcc'
CFLAGS=' -Wall -g -O2 -fvisibility=hidden'
CPPFLAGS=''
CRYPTO_LIBS=''
DEFS='-DHAVE_CONFIG_H'
ECHO_C=''
ECHO_N='-n'
ECHO_T=''
EXEEXT=''
GREP='/usr/bin/grep'
HTSDIRslash_if_relsrcdir='$(HTSDIR)/'
LDFLAGS=' -fvisibility=hidden'
LIBOBJS=''
LIBS='-lz -lm '
LTLIBOBJS=''
OBJEXT='o'
PACKAGE_BUGREPORT='samtools-help@lists.sourceforge.net'
PACKAGE_NAME='HTSlib'
PACKAGE_STRING='HTSlib 1.20'
PACKAGE_TARNAME='htslib'
PACKAGE_URL='http://www.htslib.org/'
PACKAGE_VERSION='1.20'
PATH_SEPARATOR=':'
PKG_CONFIG='/usr/bin/pkg-config'
PKG_CONFIG_LIBDIR=''
PKG_CONFIG_PATH=''
PLATFORM='default'
PLUGIN_EXT='.so'
RANLIB='ranlib'
SHELL='/bin/sh'
VERSION_SCRIPT_LDFLAGS='-Wl,-version-script,$(srcprefix)htslib.map'
ac_ct_CC=''
bindir='${exec_prefix}/bin'
build='x86_64-pc-linux-gnu'
build_alias=''
build_cpu='x86_64'
build_os='linux-gnu'
build_vendor='pc'
datadir='${datarootdir}'
datarootdir='${prefix}/share'
docdir='${datarootdir}/doc/${PACKAGE_TARNAME}'
dvidir='${docdir}'
enable_plugins='no'
exec_prefix='${prefix}'
gcs='disabled'
host='x86-unknown-none'
host_alias='x86'
host_cpu='x86'
host_os='none'
host_vendor='unknown'
htmldir='${docdir}'
hts_cflags_avx2=''
hts_cflags_avx512=''
hts_cflags_sse4=''
includedir='${prefix}/include'
infodir='${datarootdir}/info'
libcurl='disabled'
libdir='${exec_prefix}/lib'
libexecdir='${exec_prefix}/libexec'
localedir='${datarootdir}/locale'
localstatedir='${prefix}/var'
mandir='${datarootdir}/man'
oldincludedir='/usr/include'
pc_requires=''
pdfdir='${docdir}'
plugindir='$(libexecdir)/htslib'
pluginpath='$(libexecdir)/htslib'
prefix='/usr/local'
private_LIBS=''
program_transform_name='s,x,x,'
psdir='${docdir}'
runstatedir='${localstatedir}/run'
s3='disabled'
sbindir='${exec_prefix}/sbin'
sharedstatedir='${prefix}/com'
static_LDFLAGS=''
static_LIBS='-lpthread -lz -lm'
sysconfdir='${prefix}/etc'
target_alias=''
with_external_htscodecs='no'

## ----------- ##
## confdefs.h. ##
## ----------- ##

/* confdefs.h */
#define PACKAGE_NAME "HTSlib"
#define PACKAGE_TARNAME "htslib"
#define PACKAGE_VERSION "1.20"
#define PACKAGE_STRING "HTSlib 1.20"
#define PACKAGE_BUGREPORT "samtools-help@lists.sourceforge.net"
#define PACKAGE_URL "http://www.htslib.org/"
#define HAVE_STDIO_H 1
#define HAVE_STDLIB_H 1
#define HAVE_STRING_H 1
#define HAVE_INTTYPES_H 1
#define HAVE_STDINT_H 1
#define HAVE_STRINGS_H 1
#define HAVE_SYS_STAT_H 1
#define HAVE_SYS_TYPES_H 1
#define HAVE_UNISTD_H 1
#define HAVE_SYS_PARAM_H 1
#define STDC_HEADERS 1
#define _XOPEN_SOURCE 600
#define HAVE_SSSE3 1
#define HAVE_POPCNT 1
#define HAVE_SSE4_1 1
#define UBSAN 1
#define HAVE_POPCNT 1
#define HAVE_AVX2 1
#define HAVE_POPCNT 1
#define HAVE_AVX512 1
#define _FILE_OFFSET_BITS 64
#define HAVE_GETPAGESIZE 1
#define HAVE_GMTIME_R 1
#define HAVE_FSYNC 1
#define HAVE_DRAND48 1
#define HAVE_FDATASYNC 1
#define HAVE_LIBZ 1

configure: exit 0
