The system is: Linux - 3.10.0-862.14.4.el7.sw.x86_64 - x86_64
Compiling the C compiler identification source file "CMakeCCompilerId.c" succeeded.
Compiler: /usr/sw/swgcc/swgcc710-tools-SEA-1307/usr/bin/swgcc 
Build flags: 
Id flags:  

The output was:
0


Compilation of the C compiler identification source "CMakeCCompilerId.c" produced "a.out"

The C compiler identification is GNU, found in "/home/export/online1/mdt00/shisuan/swls-CFD/guoshi/wzs/code/RabbitBAM/ext/libdeflate-1.20/build/CMakeFiles/3.23.0-rc3/CompilerIdC/a.out"

Detecting C compiler ABI info compiled with the following output:
Change Dir: /home/export/online1/mdt00/shisuan/swls-CFD/guoshi/wzs/code/RabbitBAM/ext/libdeflate-1.20/build/CMakeFiles/CMakeTmp

Run Build Command(s):/usr/bin/gmake -f Makefile cmTC_42c14/fast && /usr/bin/gmake  -f CMakeFiles/cmTC_42c14.dir/build.make CMakeFiles/cmTC_42c14.dir/build
gmake[1]: Entering directory `/home/export/online1/mdt00/shisuan/swls-CFD/guoshi/wzs/code/RabbitBAM/ext/libdeflate-1.20/build/CMakeFiles/CMakeTmp'
Building C object CMakeFiles/cmTC_42c14.dir/CMakeCCompilerABI.c.o
/usr/sw/swgcc/swgcc710-tools-SEA-1307/usr/bin/swgcc   -v -o CMakeFiles/cmTC_42c14.dir/CMakeCCompilerABI.c.o -c /usr/sw/cmake-3.23.0-rc3-linux-x86_64/share/cmake-3.23/Modules/CMakeCCompilerABI.c
Reading specs from /usr/sw/swgcc/swgcc710-tools-SEA-1307/usr/bin/../lib/gcc/sw_64sw6a-sunway-linux-gnu/7.1.0/specs
COLLECT_GCC=/usr/sw/swgcc/swgcc710-tools-SEA-1307/usr/bin/swgcc
Target: sw_64sw6a-sunway-linux-gnu
Configured with: /usr1/comp9/swgcc710/gcc-7.1.0/configure --prefix=/usr1/comp9/swgcc710-tools-SEA-1307/usr --with-gmp=/usr1/comp9/swgcc710-tools-SEA-1307/usr/lib_for_gcc --with-mpfr=/usr1/comp9/swgcc710-tools-SEA-1307/usr/lib_for_gcc --with-isl=/usr1/comp9/swgcc710-tools-SEA-1307/usr/lib_for_gcc --enable-shared --enable-languages=c,c++,fortran --build=x86_64-redhat-linux --host=x86_64-redhat-linux --target=sw_64sw6a-sunway-linux-gnu --disable-multilib --enable-c99 --enable-long-long --enable-threads=posix --enable-__cxa_atexit --disable-nls --disable-libgcc_slave --disable-libgfortran_slave --disable-libstdcxx_slave --with-sysroot=/usr1/comp9/swgcc710-tools-SEA-1307 CFLAGS='-g -gdwarf-2' CXXFLAGS='-g -gdwarf-2' --disable-werror
Thread model: posix
gcc version 7.1.0 20170502 (swgcc-1307 Committer: yangt <yangt@email.email> by comp9 at localhost.localdomain on Thu Jul 22 08:26:01 CST 2021) (GCC) 
COLLECT_GCC_OPTIONS='-v' '-o' 'CMakeFiles/cmTC_42c14.dir/CMakeCCompilerABI.c.o' '-c' '-mcpu=sw6a'
 /usr/sw/swgcc/swgcc710-tools-SEA-1307/usr/bin/../libexec/gcc/sw_64sw6a-sunway-linux-gnu/7.1.0/cc1 -quiet -v -iprefix /usr/sw/swgcc/swgcc710-tools-SEA-1307/usr/bin/../lib/gcc/sw_64sw6a-sunway-linux-gnu/7.1.0/ -isysroot /usr/sw/swgcc/swgcc710-tools-SEA-1307/usr/bin/../../../swgcc710-tools-SEA-1307 -D_SIMD_HOST /usr/sw/cmake-3.23.0-rc3-linux-x86_64/share/cmake-3.23/Modules/CMakeCCompilerABI.c -quiet -dumpbase CMakeCCompilerABI.c -mcpu=sw6a -auxbase-strip CMakeFiles/cmTC_42c14.dir/CMakeCCompilerABI.c.o -version -D_SIMD_HOST -o /tmp/ccl2ppwO.s
GNU C11 (GCC) version 7.1.0 20170502 (swgcc-1307 Committer: yangt <yangt@email.email> by comp9 at localhost.localdomain on Thu Jul 22 08:26:01 CST 2021) (sw_64sw6a-sunway-linux-gnu)
	compiled by GNU C version 4.8.5 20150623 (Red Hat 4.8.5-16), GMP version 6.1.0, MPFR version 3.1.4, MPC version 1.0.3, isl version isl-0.15-GMP

GGC heuristics: --param ggc-min-expand=100 --param ggc-min-heapsize=131072
ignoring duplicate directory "/usr/sw/swgcc/swgcc710-tools-SEA-1307/usr/bin/../lib/gcc/../../lib/gcc/sw_64sw6a-sunway-linux-gnu/7.1.0/include"
ignoring nonexistent directory "/usr/sw/swgcc/swgcc710-tools-SEA-1307/usr/bin/../../../swgcc710-tools-SEA-1307/usr/local/include"
ignoring duplicate directory "/usr/sw/swgcc/swgcc710-tools-SEA-1307/usr/bin/../lib/gcc/../../lib/gcc/sw_64sw6a-sunway-linux-gnu/7.1.0/include-fixed"
ignoring duplicate directory "/usr/sw/swgcc/swgcc710-tools-SEA-1307/usr/bin/../lib/gcc/../../lib/gcc/sw_64sw6a-sunway-linux-gnu/7.1.0/../../../../sw_64sw6a-sunway-linux-gnu/include"
ignoring duplicate directory "/usr/sw/swgcc/swgcc710-tools-SEA-1307/usr/bin/../../../swgcc710-tools-SEA-1307/usr/include"
#include "..." search starts here:
#include <...> search starts here:
 /usr/sw/swgcc/swgcc710-tools-SEA-1307/usr/bin/../lib/gcc/sw_64sw6a-sunway-linux-gnu/7.1.0/include
 /usr/sw/swgcc/swgcc710-tools-SEA-1307/usr/bin/../lib/gcc/sw_64sw6a-sunway-linux-gnu/7.1.0/include-fixed
 /usr/sw/swgcc/swgcc710-tools-SEA-1307/usr/bin/../lib/gcc/sw_64sw6a-sunway-linux-gnu/7.1.0/../../../../sw_64sw6a-sunway-linux-gnu/include
 /usr/sw/swgcc/swgcc710-tools-SEA-1307/usr/bin/../../../swgcc710-tools-SEA-1307/shared_include
End of search list.
GNU C11 (GCC) version 7.1.0 20170502 (swgcc-1307 Committer: yangt <yangt@email.email> by comp9 at localhost.localdomain on Thu Jul 22 08:26:01 CST 2021) (sw_64sw6a-sunway-linux-gnu)
	compiled by GNU C version 4.8.5 20150623 (Red Hat 4.8.5-16), GMP version 6.1.0, MPFR version 3.1.4, MPC version 1.0.3, isl version isl-0.15-GMP

GGC heuristics: --param ggc-min-expand=100 --param ggc-min-heapsize=131072
Compiler executable checksum: 947a731137a43018f5b4d04469b4f2de
COLLECT_GCC_OPTIONS='-v' '-o' 'CMakeFiles/cmTC_42c14.dir/CMakeCCompilerABI.c.o' '-c' '-mcpu=sw6a'
 /usr/sw/swgcc/swgcc710-tools-SEA-1307/usr/bin/../lib/gcc/sw_64sw6a-sunway-linux-gnu/7.1.0/../../../../sw_64sw6a-sunway-linux-gnu/bin/as -v -no-mdebug -msw6a -o CMakeFiles/cmTC_42c14.dir/CMakeCCompilerABI.c.o /tmp/ccl2ppwO.s
GNU assembler version 2.24 (sw_64sw6a-sunway-linux-gnu) using BFD version (GNU Binutils) 2.24
COMPILER_PATH=/usr/sw/swgcc/swgcc710-tools-SEA-1307/usr/bin/../libexec/gcc/sw_64sw6a-sunway-linux-gnu/7.1.0/:/usr/sw/swgcc/swgcc710-tools-SEA-1307/usr/bin/../libexec/gcc/:/usr/sw/swgcc/swgcc710-tools-SEA-1307/usr/bin/../lib/gcc/sw_64sw6a-sunway-linux-gnu/7.1.0/../../../../sw_64sw6a-sunway-linux-gnu/bin/:/usr/sw/swgcc/swgcc710-tools-SEA-1307/usr/bin/../lib/gcc/sw_64sw6a-sunway-linux-gnu/7.1.0/../../../../sw_64sw6a-sunway-linux-gnu/../../usr_sw/bin/
LIBRARY_PATH=/usr/sw/swgcc/swgcc710-tools-SEA-1307/usr/bin/../lib/gcc/sw_64sw6a-sunway-linux-gnu/7.1.0/:/usr/sw/swgcc/swgcc710-tools-SEA-1307/usr/bin/../lib/gcc/:/usr/sw/swgcc/swgcc710-tools-SEA-1307/usr/bin/../lib/gcc/sw_64sw6a-sunway-linux-gnu/7.1.0/../../../../sw_64sw6a-sunway-linux-gnu/lib/:/usr/sw/swgcc/swgcc710-tools-SEA-1307/usr/bin/../../../swgcc710-tools-SEA-1307/lib/:/usr/sw/swgcc/swgcc710-tools-SEA-1307/usr/bin/../../../swgcc710-tools-SEA-1307/usr/lib/:/usr/sw/swgcc/swgcc710-tools-SEA-1307/usr/bin/../../../swgcc710-tools-SEA-1307/usr_sw/lib/:/usr/sw/swgcc/swgcc710-tools-SEA-1307/usr/bin/../../../swgcc710-tools-SEA-1307/usr_sw/lib/gcc/sw_64sw6a-sunway-linux-gnu/7.1.0/:/usr/sw/swgcc/swgcc710-tools-SEA-1307/usr/bin/../../../swgcc710-tools-SEA-1307/usr_sw/sw_64sw6a-sunway-linux-gnu/lib/
COLLECT_GCC_OPTIONS='-v' '-o' 'CMakeFiles/cmTC_42c14.dir/CMakeCCompilerABI.c.o' '-c' '-mcpu=sw6a'
Linking C executable cmTC_42c14
/usr/sw/cmake-3.23.0-rc3-linux-x86_64/bin/cmake -E cmake_link_script CMakeFiles/cmTC_42c14.dir/link.txt --verbose=1
/usr/sw/swgcc/swgcc710-tools-SEA-1307/usr/bin/swgcc  -v CMakeFiles/cmTC_42c14.dir/CMakeCCompilerABI.c.o -o cmTC_42c14 
Reading specs from /usr/sw/swgcc/swgcc710-tools-SEA-1307/usr/bin/../lib/gcc/sw_64sw6a-sunway-linux-gnu/7.1.0/specs
COLLECT_GCC=/usr/sw/swgcc/swgcc710-tools-SEA-1307/usr/bin/swgcc
COLLECT_LTO_WRAPPER=/usr/sw/swgcc/swgcc710-tools-SEA-1307/usr/bin/../libexec/gcc/sw_64sw6a-sunway-linux-gnu/7.1.0/lto-wrapper
Target: sw_64sw6a-sunway-linux-gnu
Configured with: /usr1/comp9/swgcc710/gcc-7.1.0/configure --prefix=/usr1/comp9/swgcc710-tools-SEA-1307/usr --with-gmp=/usr1/comp9/swgcc710-tools-SEA-1307/usr/lib_for_gcc --with-mpfr=/usr1/comp9/swgcc710-tools-SEA-1307/usr/lib_for_gcc --with-isl=/usr1/comp9/swgcc710-tools-SEA-1307/usr/lib_for_gcc --enable-shared --enable-languages=c,c++,fortran --build=x86_64-redhat-linux --host=x86_64-redhat-linux --target=sw_64sw6a-sunway-linux-gnu --disable-multilib --enable-c99 --enable-long-long --enable-threads=posix --enable-__cxa_atexit --disable-nls --disable-libgcc_slave --disable-libgfortran_slave --disable-libstdcxx_slave --with-sysroot=/usr1/comp9/swgcc710-tools-SEA-1307 CFLAGS='-g -gdwarf-2' CXXFLAGS='-g -gdwarf-2' --disable-werror
Thread model: posix
gcc version 7.1.0 20170502 (swgcc-1307 Committer: yangt <yangt@email.email> by comp9 at localhost.localdomain on Thu Jul 22 08:26:01 CST 2021) (GCC) 
COMPILER_PATH=/usr/sw/swgcc/swgcc710-tools-SEA-1307/usr/bin/../libexec/gcc/sw_64sw6a-sunway-linux-gnu/7.1.0/:/usr/sw/swgcc/swgcc710-tools-SEA-1307/usr/bin/../libexec/gcc/:/usr/sw/swgcc/swgcc710-tools-SEA-1307/usr/bin/../lib/gcc/sw_64sw6a-sunway-linux-gnu/7.1.0/../../../../sw_64sw6a-sunway-linux-gnu/bin/:/usr/sw/swgcc/swgcc710-tools-SEA-1307/usr/bin/../lib/gcc/sw_64sw6a-sunway-linux-gnu/7.1.0/../../../../sw_64sw6a-sunway-linux-gnu/../../usr_sw/bin/
LIBRARY_PATH=/usr/sw/swgcc/swgcc710-tools-SEA-1307/usr/bin/../lib/gcc/sw_64sw6a-sunway-linux-gnu/7.1.0/:/usr/sw/swgcc/swgcc710-tools-SEA-1307/usr/bin/../lib/gcc/:/usr/sw/swgcc/swgcc710-tools-SEA-1307/usr/bin/../lib/gcc/sw_64sw6a-sunway-linux-gnu/7.1.0/../../../../sw_64sw6a-sunway-linux-gnu/lib/:/usr/sw/swgcc/swgcc710-tools-SEA-1307/usr/bin/../../../swgcc710-tools-SEA-1307/lib/:/usr/sw/swgcc/swgcc710-tools-SEA-1307/usr/bin/../../../swgcc710-tools-SEA-1307/usr/lib/:/usr/sw/swgcc/swgcc710-tools-SEA-1307/usr/bin/../../../swgcc710-tools-SEA-1307/usr_sw/lib/:/usr/sw/swgcc/swgcc710-tools-SEA-1307/usr/bin/../../../swgcc710-tools-SEA-1307/usr_sw/lib/gcc/sw_64sw6a-sunway-linux-gnu/7.1.0/:/usr/sw/swgcc/swgcc710-tools-SEA-1307/usr/bin/../../../swgcc710-tools-SEA-1307/usr_sw/sw_64sw6a-sunway-linux-gnu/lib/
COLLECT_GCC_OPTIONS='-v' '-o' 'cmTC_42c14' '-mcpu=sw6a'
 /usr/sw/swgcc/swgcc710-tools-SEA-1307/usr/bin/../libexec/gcc/sw_64sw6a-sunway-linux-gnu/7.1.0/collect2 -mcpu=sw6a -plugin /usr/sw/swgcc/swgcc710-tools-SEA-1307/usr/bin/../libexec/gcc/sw_64sw6a-sunway-linux-gnu/7.1.0/liblto_plugin.so -plugin-opt=/usr/sw/swgcc/swgcc710-tools-SEA-1307/usr/bin/../libexec/gcc/sw_64sw6a-sunway-linux-gnu/7.1.0/lto-wrapper -plugin-opt=-fresolution=/tmp/ccdTNKRT.res -plugin-opt=-pass-through=-lgcc -plugin-opt=-pass-through=-lgcc_s -plugin-opt=-pass-through=-lc --sysroot=/usr/sw/swgcc/swgcc710-tools-SEA-1307/usr/bin/../../../swgcc710-tools-SEA-1307 --eh-frame-hdr -m elf64sw_64 -O1 -dynamic-linker /lib/ld-linux.so.2 -sw-version -o cmTC_42c14 /usr/sw/swgcc/swgcc710-tools-SEA-1307/usr/bin/../../../swgcc710-tools-SEA-1307/usr/lib/crt1.o /usr/sw/swgcc/swgcc710-tools-SEA-1307/usr/bin/../../../swgcc710-tools-SEA-1307/usr/lib/crti.o /usr/sw/swgcc/swgcc710-tools-SEA-1307/usr/bin/../lib/gcc/sw_64sw6a-sunway-linux-gnu/7.1.0/crtbegin.o -L/usr/sw/swgcc/swgcc710-tools-SEA-1307/usr/bin/../lib/gcc/sw_64sw6a-sunway-linux-gnu/7.1.0 -L/usr/sw/swgcc/swgcc710-tools-SEA-1307/usr/bin/../lib/gcc -L/usr/sw/swgcc/swgcc710-tools-SEA-1307/usr/bin/../lib/gcc/sw_64sw6a-sunway-linux-gnu/7.1.0/../../../../sw_64sw6a-sunway-linux-gnu/lib -L/usr/sw/swgcc/swgcc710-tools-SEA-1307/usr/bin/../../../swgcc710-tools-SEA-1307/lib -L/usr/sw/swgcc/swgcc710-tools-SEA-1307/usr/bin/../../../swgcc710-tools-SEA-1307/usr/lib -L/usr/sw/swgcc/swgcc710-tools-SEA-1307/usr/bin/../../../swgcc710-tools-SEA-1307/usr_sw/lib -L/usr/sw/swgcc/swgcc710-tools-SEA-1307/usr/bin/../../../swgcc710-tools-SEA-1307/usr_sw/lib/gcc/sw_64sw6a-sunway-linux-gnu/7.1.0 -L/usr/sw/swgcc/swgcc710-tools-SEA-1307/usr/bin/../../../swgcc710-tools-SEA-1307/usr_sw/sw_64sw6a-sunway-linux-gnu/lib CMakeFiles/cmTC_42c14.dir/CMakeCCompilerABI.c.o --start-group -lgcc --as-needed -lgcc_s --no-as-needed -lc --end-group /usr/sw/swgcc/swgcc710-tools-SEA-1307/usr/bin/../lib/gcc/sw_64sw6a-sunway-linux-gnu/7.1.0/crtend.o /usr/sw/swgcc/swgcc710-tools-SEA-1307/usr/bin/../../../swgcc710-tools-SEA-1307/usr/lib/crtn.o
COLLECT_GCC_OPTIONS='-v' '-o' 'cmTC_42c14' '-mcpu=sw6a'
gmake[1]: Leaving directory `/home/export/online1/mdt00/shisuan/swls-CFD/guoshi/wzs/code/RabbitBAM/ext/libdeflate-1.20/build/CMakeFiles/CMakeTmp'



Parsed C implicit include dir info from above output: rv=done
  found start of include info
  found start of implicit include info
    add: [/usr/sw/swgcc/swgcc710-tools-SEA-1307/usr/bin/../lib/gcc/sw_64sw6a-sunway-linux-gnu/7.1.0/include]
    add: [/usr/sw/swgcc/swgcc710-tools-SEA-1307/usr/bin/../lib/gcc/sw_64sw6a-sunway-linux-gnu/7.1.0/include-fixed]
    add: [/usr/sw/swgcc/swgcc710-tools-SEA-1307/usr/bin/../lib/gcc/sw_64sw6a-sunway-linux-gnu/7.1.0/../../../../sw_64sw6a-sunway-linux-gnu/include]
    add: [/usr/sw/swgcc/swgcc710-tools-SEA-1307/usr/bin/../../../swgcc710-tools-SEA-1307/shared_include]
  end of search list found
  collapse include dir [/usr/sw/swgcc/swgcc710-tools-SEA-1307/usr/bin/../lib/gcc/sw_64sw6a-sunway-linux-gnu/7.1.0/include] ==> [/usr/sw/swgcc/swgcc710-tools-SEA-1307/usr/lib/gcc/sw_64sw6a-sunway-linux-gnu/7.1.0/include]
  collapse include dir [/usr/sw/swgcc/swgcc710-tools-SEA-1307/usr/bin/../lib/gcc/sw_64sw6a-sunway-linux-gnu/7.1.0/include-fixed] ==> [/usr/sw/swgcc/swgcc710-tools-SEA-1307/usr/lib/gcc/sw_64sw6a-sunway-linux-gnu/7.1.0/include-fixed]
  collapse include dir [/usr/sw/swgcc/swgcc710-tools-SEA-1307/usr/bin/../lib/gcc/sw_64sw6a-sunway-linux-gnu/7.1.0/../../../../sw_64sw6a-sunway-linux-gnu/include] ==> [/usr/sw/swgcc/swgcc710-tools-SEA-1307/usr/sw_64sw6a-sunway-linux-gnu/include]
  collapse include dir [/usr/sw/swgcc/swgcc710-tools-SEA-1307/usr/bin/../../../swgcc710-tools-SEA-1307/shared_include] ==> [/usr/sw/swgcc/swgcc710-tools-SEA-1307/shared_include]
  implicit include dirs: [/usr/sw/swgcc/swgcc710-tools-SEA-1307/usr/lib/gcc/sw_64sw6a-sunway-linux-gnu/7.1.0/include;/usr/sw/swgcc/swgcc710-tools-SEA-1307/usr/lib/gcc/sw_64sw6a-sunway-linux-gnu/7.1.0/include-fixed;/usr/sw/swgcc/swgcc710-tools-SEA-1307/usr/sw_64sw6a-sunway-linux-gnu/include;/usr/sw/swgcc/swgcc710-tools-SEA-1307/shared_include]


Parsed C implicit link information from above output:
  link line regex: [^( *|.*[/\])(ld|CMAKE_LINK_STARTFILE-NOTFOUND|([^/\]+-)?ld|collect2)[^/\]*( |$)]
  ignore line: [Change Dir: /home/export/online1/mdt00/shisuan/swls-CFD/guoshi/wzs/code/RabbitBAM/ext/libdeflate-1.20/build/CMakeFiles/CMakeTmp]
  ignore line: []
  ignore line: [Run Build Command(s):/usr/bin/gmake -f Makefile cmTC_42c14/fast && /usr/bin/gmake  -f CMakeFiles/cmTC_42c14.dir/build.make CMakeFiles/cmTC_42c14.dir/build]
  ignore line: [gmake[1]: Entering directory `/home/export/online1/mdt00/shisuan/swls-CFD/guoshi/wzs/code/RabbitBAM/ext/libdeflate-1.20/build/CMakeFiles/CMakeTmp']
  ignore line: [Building C object CMakeFiles/cmTC_42c14.dir/CMakeCCompilerABI.c.o]
  ignore line: [/usr/sw/swgcc/swgcc710-tools-SEA-1307/usr/bin/swgcc   -v -o CMakeFiles/cmTC_42c14.dir/CMakeCCompilerABI.c.o -c /usr/sw/cmake-3.23.0-rc3-linux-x86_64/share/cmake-3.23/Modules/CMakeCCompilerABI.c]
  ignore line: [Reading specs from /usr/sw/swgcc/swgcc710-tools-SEA-1307/usr/bin/../lib/gcc/sw_64sw6a-sunway-linux-gnu/7.1.0/specs]
  ignore line: [COLLECT_GCC=/usr/sw/swgcc/swgcc710-tools-SEA-1307/usr/bin/swgcc]
  ignore line: [Target: sw_64sw6a-sunway-linux-gnu]
  ignore line: [Configured with: /usr1/comp9/swgcc710/gcc-7.1.0/configure --prefix=/usr1/comp9/swgcc710-tools-SEA-1307/usr --with-gmp=/usr1/comp9/swgcc710-tools-SEA-1307/usr/lib_for_gcc --with-mpfr=/usr1/comp9/swgcc710-tools-SEA-1307/usr/lib_for_gcc --with-isl=/usr1/comp9/swgcc710-tools-SEA-1307/usr/lib_for_gcc --enable-shared --enable-languages=c c++ fortran --build=x86_64-redhat-linux --host=x86_64-redhat-linux --target=sw_64sw6a-sunway-linux-gnu --disable-multilib --enable-c99 --enable-long-long --enable-threads=posix --enable-__cxa_atexit --disable-nls --disable-libgcc_slave --disable-libgfortran_slave --disable-libstdcxx_slave --with-sysroot=/usr1/comp9/swgcc710-tools-SEA-1307 CFLAGS='-g -gdwarf-2' CXXFLAGS='-g -gdwarf-2' --disable-werror]
  ignore line: [Thread model: posix]
  ignore line: [gcc version 7.1.0 20170502 (swgcc-1307 Committer: yangt <yangt@email.email> by comp9 at localhost.localdomain on Thu Jul 22 08:26:01 CST 2021) (GCC) ]
  ignore line: [COLLECT_GCC_OPTIONS='-v' '-o' 'CMakeFiles/cmTC_42c14.dir/CMakeCCompilerABI.c.o' '-c' '-mcpu=sw6a']
  ignore line: [ /usr/sw/swgcc/swgcc710-tools-SEA-1307/usr/bin/../libexec/gcc/sw_64sw6a-sunway-linux-gnu/7.1.0/cc1 -quiet -v -iprefix /usr/sw/swgcc/swgcc710-tools-SEA-1307/usr/bin/../lib/gcc/sw_64sw6a-sunway-linux-gnu/7.1.0/ -isysroot /usr/sw/swgcc/swgcc710-tools-SEA-1307/usr/bin/../../../swgcc710-tools-SEA-1307 -D_SIMD_HOST /usr/sw/cmake-3.23.0-rc3-linux-x86_64/share/cmake-3.23/Modules/CMakeCCompilerABI.c -quiet -dumpbase CMakeCCompilerABI.c -mcpu=sw6a -auxbase-strip CMakeFiles/cmTC_42c14.dir/CMakeCCompilerABI.c.o -version -D_SIMD_HOST -o /tmp/ccl2ppwO.s]
  ignore line: [GNU C11 (GCC) version 7.1.0 20170502 (swgcc-1307 Committer: yangt <yangt@email.email> by comp9 at localhost.localdomain on Thu Jul 22 08:26:01 CST 2021) (sw_64sw6a-sunway-linux-gnu)]
  ignore line: [	compiled by GNU C version 4.8.5 20150623 (Red Hat 4.8.5-16)  GMP version 6.1.0  MPFR version 3.1.4  MPC version 1.0.3  isl version isl-0.15-GMP]
  ignore line: []
  ignore line: [GGC heuristics: --param ggc-min-expand=100 --param ggc-min-heapsize=131072]
  ignore line: [ignoring duplicate directory "/usr/sw/swgcc/swgcc710-tools-SEA-1307/usr/bin/../lib/gcc/../../lib/gcc/sw_64sw6a-sunway-linux-gnu/7.1.0/include"]
  ignore line: [ignoring nonexistent directory "/usr/sw/swgcc/swgcc710-tools-SEA-1307/usr/bin/../../../swgcc710-tools-SEA-1307/usr/local/include"]
  ignore line: [ignoring duplicate directory "/usr/sw/swgcc/swgcc710-tools-SEA-1307/usr/bin/../lib/gcc/../../lib/gcc/sw_64sw6a-sunway-linux-gnu/7.1.0/include-fixed"]
  ignore line: [ignoring duplicate directory "/usr/sw/swgcc/swgcc710-tools-SEA-1307/usr/bin/../lib/gcc/../../lib/gcc/sw_64sw6a-sunway-linux-gnu/7.1.0/../../../../sw_64sw6a-sunway-linux-gnu/include"]
  ignore line: [ignoring duplicate directory "/usr/sw/swgcc/swgcc710-tools-SEA-1307/usr/bin/../../../swgcc710-tools-SEA-1307/usr/include"]
  ignore line: [#include "..." search starts here:]
  ignore line: [#include <...> search starts here:]
  ignore line: [ /usr/sw/swgcc/swgcc710-tools-SEA-1307/usr/bin/../lib/gcc/sw_64sw6a-sunway-linux-gnu/7.1.0/include]
  ignore line: [ /usr/sw/swgcc/swgcc710-tools-SEA-1307/usr/bin/../lib/gcc/sw_64sw6a-sunway-linux-gnu/7.1.0/include-fixed]
  ignore line: [ /usr/sw/swgcc/swgcc710-tools-SEA-1307/usr/bin/../lib/gcc/sw_64sw6a-sunway-linux-gnu/7.1.0/../../../../sw_64sw6a-sunway-linux-gnu/include]
  ignore line: [ /usr/sw/swgcc/swgcc710-tools-SEA-1307/usr/bin/../../../swgcc710-tools-SEA-1307/shared_include]
  ignore line: [End of search list.]
  ignore line: [GNU C11 (GCC) version 7.1.0 20170502 (swgcc-1307 Committer: yangt <yangt@email.email> by comp9 at localhost.localdomain on Thu Jul 22 08:26:01 CST 2021) (sw_64sw6a-sunway-linux-gnu)]
  ignore line: [	compiled by GNU C version 4.8.5 20150623 (Red Hat 4.8.5-16)  GMP version 6.1.0  MPFR version 3.1.4  MPC version 1.0.3  isl version isl-0.15-GMP]
  ignore line: []
  ignore line: [GGC heuristics: --param ggc-min-expand=100 --param ggc-min-heapsize=131072]
  ignore line: [Compiler executable checksum: 947a731137a43018f5b4d04469b4f2de]
  ignore line: [COLLECT_GCC_OPTIONS='-v' '-o' 'CMakeFiles/cmTC_42c14.dir/CMakeCCompilerABI.c.o' '-c' '-mcpu=sw6a']
  ignore line: [ /usr/sw/swgcc/swgcc710-tools-SEA-1307/usr/bin/../lib/gcc/sw_64sw6a-sunway-linux-gnu/7.1.0/../../../../sw_64sw6a-sunway-linux-gnu/bin/as -v -no-mdebug -msw6a -o CMakeFiles/cmTC_42c14.dir/CMakeCCompilerABI.c.o /tmp/ccl2ppwO.s]
  ignore line: [GNU assembler version 2.24 (sw_64sw6a-sunway-linux-gnu) using BFD version (GNU Binutils) 2.24]
  ignore line: [COMPILER_PATH=/usr/sw/swgcc/swgcc710-tools-SEA-1307/usr/bin/../libexec/gcc/sw_64sw6a-sunway-linux-gnu/7.1.0/:/usr/sw/swgcc/swgcc710-tools-SEA-1307/usr/bin/../libexec/gcc/:/usr/sw/swgcc/swgcc710-tools-SEA-1307/usr/bin/../lib/gcc/sw_64sw6a-sunway-linux-gnu/7.1.0/../../../../sw_64sw6a-sunway-linux-gnu/bin/:/usr/sw/swgcc/swgcc710-tools-SEA-1307/usr/bin/../lib/gcc/sw_64sw6a-sunway-linux-gnu/7.1.0/../../../../sw_64sw6a-sunway-linux-gnu/../../usr_sw/bin/]
  ignore line: [LIBRARY_PATH=/usr/sw/swgcc/swgcc710-tools-SEA-1307/usr/bin/../lib/gcc/sw_64sw6a-sunway-linux-gnu/7.1.0/:/usr/sw/swgcc/swgcc710-tools-SEA-1307/usr/bin/../lib/gcc/:/usr/sw/swgcc/swgcc710-tools-SEA-1307/usr/bin/../lib/gcc/sw_64sw6a-sunway-linux-gnu/7.1.0/../../../../sw_64sw6a-sunway-linux-gnu/lib/:/usr/sw/swgcc/swgcc710-tools-SEA-1307/usr/bin/../../../swgcc710-tools-SEA-1307/lib/:/usr/sw/swgcc/swgcc710-tools-SEA-1307/usr/bin/../../../swgcc710-tools-SEA-1307/usr/lib/:/usr/sw/swgcc/swgcc710-tools-SEA-1307/usr/bin/../../../swgcc710-tools-SEA-1307/usr_sw/lib/:/usr/sw/swgcc/swgcc710-tools-SEA-1307/usr/bin/../../../swgcc710-tools-SEA-1307/usr_sw/lib/gcc/sw_64sw6a-sunway-linux-gnu/7.1.0/:/usr/sw/swgcc/swgcc710-tools-SEA-1307/usr/bin/../../../swgcc710-tools-SEA-1307/usr_sw/sw_64sw6a-sunway-linux-gnu/lib/]
  ignore line: [COLLECT_GCC_OPTIONS='-v' '-o' 'CMakeFiles/cmTC_42c14.dir/CMakeCCompilerABI.c.o' '-c' '-mcpu=sw6a']
  ignore line: [Linking C executable cmTC_42c14]
  ignore line: [/usr/sw/cmake-3.23.0-rc3-linux-x86_64/bin/cmake -E cmake_link_script CMakeFiles/cmTC_42c14.dir/link.txt --verbose=1]
  ignore line: [/usr/sw/swgcc/swgcc710-tools-SEA-1307/usr/bin/swgcc  -v CMakeFiles/cmTC_42c14.dir/CMakeCCompilerABI.c.o -o cmTC_42c14 ]
  ignore line: [Reading specs from /usr/sw/swgcc/swgcc710-tools-SEA-1307/usr/bin/../lib/gcc/sw_64sw6a-sunway-linux-gnu/7.1.0/specs]
  ignore line: [COLLECT_GCC=/usr/sw/swgcc/swgcc710-tools-SEA-1307/usr/bin/swgcc]
  ignore line: [COLLECT_LTO_WRAPPER=/usr/sw/swgcc/swgcc710-tools-SEA-1307/usr/bin/../libexec/gcc/sw_64sw6a-sunway-linux-gnu/7.1.0/lto-wrapper]
  ignore line: [Target: sw_64sw6a-sunway-linux-gnu]
  ignore line: [Configured with: /usr1/comp9/swgcc710/gcc-7.1.0/configure --prefix=/usr1/comp9/swgcc710-tools-SEA-1307/usr --with-gmp=/usr1/comp9/swgcc710-tools-SEA-1307/usr/lib_for_gcc --with-mpfr=/usr1/comp9/swgcc710-tools-SEA-1307/usr/lib_for_gcc --with-isl=/usr1/comp9/swgcc710-tools-SEA-1307/usr/lib_for_gcc --enable-shared --enable-languages=c c++ fortran --build=x86_64-redhat-linux --host=x86_64-redhat-linux --target=sw_64sw6a-sunway-linux-gnu --disable-multilib --enable-c99 --enable-long-long --enable-threads=posix --enable-__cxa_atexit --disable-nls --disable-libgcc_slave --disable-libgfortran_slave --disable-libstdcxx_slave --with-sysroot=/usr1/comp9/swgcc710-tools-SEA-1307 CFLAGS='-g -gdwarf-2' CXXFLAGS='-g -gdwarf-2' --disable-werror]
  ignore line: [Thread model: posix]
  ignore line: [gcc version 7.1.0 20170502 (swgcc-1307 Committer: yangt <yangt@email.email> by comp9 at localhost.localdomain on Thu Jul 22 08:26:01 CST 2021) (GCC) ]
  ignore line: [COMPILER_PATH=/usr/sw/swgcc/swgcc710-tools-SEA-1307/usr/bin/../libexec/gcc/sw_64sw6a-sunway-linux-gnu/7.1.0/:/usr/sw/swgcc/swgcc710-tools-SEA-1307/usr/bin/../libexec/gcc/:/usr/sw/swgcc/swgcc710-tools-SEA-1307/usr/bin/../lib/gcc/sw_64sw6a-sunway-linux-gnu/7.1.0/../../../../sw_64sw6a-sunway-linux-gnu/bin/:/usr/sw/swgcc/swgcc710-tools-SEA-1307/usr/bin/../lib/gcc/sw_64sw6a-sunway-linux-gnu/7.1.0/../../../../sw_64sw6a-sunway-linux-gnu/../../usr_sw/bin/]
  ignore line: [LIBRARY_PATH=/usr/sw/swgcc/swgcc710-tools-SEA-1307/usr/bin/../lib/gcc/sw_64sw6a-sunway-linux-gnu/7.1.0/:/usr/sw/swgcc/swgcc710-tools-SEA-1307/usr/bin/../lib/gcc/:/usr/sw/swgcc/swgcc710-tools-SEA-1307/usr/bin/../lib/gcc/sw_64sw6a-sunway-linux-gnu/7.1.0/../../../../sw_64sw6a-sunway-linux-gnu/lib/:/usr/sw/swgcc/swgcc710-tools-SEA-1307/usr/bin/../../../swgcc710-tools-SEA-1307/lib/:/usr/sw/swgcc/swgcc710-tools-SEA-1307/usr/bin/../../../swgcc710-tools-SEA-1307/usr/lib/:/usr/sw/swgcc/swgcc710-tools-SEA-1307/usr/bin/../../../swgcc710-tools-SEA-1307/usr_sw/lib/:/usr/sw/swgcc/swgcc710-tools-SEA-1307/usr/bin/../../../swgcc710-tools-SEA-1307/usr_sw/lib/gcc/sw_64sw6a-sunway-linux-gnu/7.1.0/:/usr/sw/swgcc/swgcc710-tools-SEA-1307/usr/bin/../../../swgcc710-tools-SEA-1307/usr_sw/sw_64sw6a-sunway-linux-gnu/lib/]
  ignore line: [COLLECT_GCC_OPTIONS='-v' '-o' 'cmTC_42c14' '-mcpu=sw6a']
  link line: [ /usr/sw/swgcc/swgcc710-tools-SEA-1307/usr/bin/../libexec/gcc/sw_64sw6a-sunway-linux-gnu/7.1.0/collect2 -mcpu=sw6a -plugin /usr/sw/swgcc/swgcc710-tools-SEA-1307/usr/bin/../libexec/gcc/sw_64sw6a-sunway-linux-gnu/7.1.0/liblto_plugin.so -plugin-opt=/usr/sw/swgcc/swgcc710-tools-SEA-1307/usr/bin/../libexec/gcc/sw_64sw6a-sunway-linux-gnu/7.1.0/lto-wrapper -plugin-opt=-fresolution=/tmp/ccdTNKRT.res -plugin-opt=-pass-through=-lgcc -plugin-opt=-pass-through=-lgcc_s -plugin-opt=-pass-through=-lc --sysroot=/usr/sw/swgcc/swgcc710-tools-SEA-1307/usr/bin/../../../swgcc710-tools-SEA-1307 --eh-frame-hdr -m elf64sw_64 -O1 -dynamic-linker /lib/ld-linux.so.2 -sw-version -o cmTC_42c14 /usr/sw/swgcc/swgcc710-tools-SEA-1307/usr/bin/../../../swgcc710-tools-SEA-1307/usr/lib/crt1.o /usr/sw/swgcc/swgcc710-tools-SEA-1307/usr/bin/../../../swgcc710-tools-SEA-1307/usr/lib/crti.o /usr/sw/swgcc/swgcc710-tools-SEA-1307/usr/bin/../lib/gcc/sw_64sw6a-sunway-linux-gnu/7.1.0/crtbegin.o -L/usr/sw/swgcc/swgcc710-tools-SEA-1307/usr/bin/../lib/gcc/sw_64sw6a-sunway-linux-gnu/7.1.0 -L/usr/sw/swgcc/swgcc710-tools-SEA-1307/usr/bin/../lib/gcc -L/usr/sw/swgcc/swgcc710-tools-SEA-1307/usr/bin/../lib/gcc/sw_64sw6a-sunway-linux-gnu/7.1.0/../../../../sw_64sw6a-sunway-linux-gnu/lib -L/usr/sw/swgcc/swgcc710-tools-SEA-1307/usr/bin/../../../swgcc710-tools-SEA-1307/lib -L/usr/sw/swgcc/swgcc710-tools-SEA-1307/usr/bin/../../../swgcc710-tools-SEA-1307/usr/lib -L/usr/sw/swgcc/swgcc710-tools-SEA-1307/usr/bin/../../../swgcc710-tools-SEA-1307/usr_sw/lib -L/usr/sw/swgcc/swgcc710-tools-SEA-1307/usr/bin/../../../swgcc710-tools-SEA-1307/usr_sw/lib/gcc/sw_64sw6a-sunway-linux-gnu/7.1.0 -L/usr/sw/swgcc/swgcc710-tools-SEA-1307/usr/bin/../../../swgcc710-tools-SEA-1307/usr_sw/sw_64sw6a-sunway-linux-gnu/lib CMakeFiles/cmTC_42c14.dir/CMakeCCompilerABI.c.o --start-group -lgcc --as-needed -lgcc_s --no-as-needed -lc --end-group /usr/sw/swgcc/swgcc710-tools-SEA-1307/usr/bin/../lib/gcc/sw_64sw6a-sunway-linux-gnu/7.1.0/crtend.o /usr/sw/swgcc/swgcc710-tools-SEA-1307/usr/bin/../../../swgcc710-tools-SEA-1307/usr/lib/crtn.o]
    arg [/usr/sw/swgcc/swgcc710-tools-SEA-1307/usr/bin/../libexec/gcc/sw_64sw6a-sunway-linux-gnu/7.1.0/collect2] ==> ignore
    arg [-mcpu=sw6a] ==> ignore
    arg [-plugin] ==> ignore
    arg [/usr/sw/swgcc/swgcc710-tools-SEA-1307/usr/bin/../libexec/gcc/sw_64sw6a-sunway-linux-gnu/7.1.0/liblto_plugin.so] ==> ignore
    arg [-plugin-opt=/usr/sw/swgcc/swgcc710-tools-SEA-1307/usr/bin/../libexec/gcc/sw_64sw6a-sunway-linux-gnu/7.1.0/lto-wrapper] ==> ignore
    arg [-plugin-opt=-fresolution=/tmp/ccdTNKRT.res] ==> ignore
    arg [-plugin-opt=-pass-through=-lgcc] ==> ignore
    arg [-plugin-opt=-pass-through=-lgcc_s] ==> ignore
    arg [-plugin-opt=-pass-through=-lc] ==> ignore
    arg [--sysroot=/usr/sw/swgcc/swgcc710-tools-SEA-1307/usr/bin/../../../swgcc710-tools-SEA-1307] ==> ignore
    arg [--eh-frame-hdr] ==> ignore
    arg [-m] ==> ignore
    arg [elf64sw_64] ==> ignore
    arg [-O1] ==> ignore
    arg [-dynamic-linker] ==> ignore
    arg [/lib/ld-linux.so.2] ==> ignore
    arg [-sw-version] ==> ignore
    arg [-o] ==> ignore
    arg [cmTC_42c14] ==> ignore
    arg [/usr/sw/swgcc/swgcc710-tools-SEA-1307/usr/bin/../../../swgcc710-tools-SEA-1307/usr/lib/crt1.o] ==> obj [/usr/sw/swgcc/swgcc710-tools-SEA-1307/usr/bin/../../../swgcc710-tools-SEA-1307/usr/lib/crt1.o]
    arg [/usr/sw/swgcc/swgcc710-tools-SEA-1307/usr/bin/../../../swgcc710-tools-SEA-1307/usr/lib/crti.o] ==> obj [/usr/sw/swgcc/swgcc710-tools-SEA-1307/usr/bin/../../../swgcc710-tools-SEA-1307/usr/lib/crti.o]
    arg [/usr/sw/swgcc/swgcc710-tools-SEA-1307/usr/bin/../lib/gcc/sw_64sw6a-sunway-linux-gnu/7.1.0/crtbegin.o] ==> obj [/usr/sw/swgcc/swgcc710-tools-SEA-1307/usr/bin/../lib/gcc/sw_64sw6a-sunway-linux-gnu/7.1.0/crtbegin.o]
    arg [-L/usr/sw/swgcc/swgcc710-tools-SEA-1307/usr/bin/../lib/gcc/sw_64sw6a-sunway-linux-gnu/7.1.0] ==> dir [/usr/sw/swgcc/swgcc710-tools-SEA-1307/usr/bin/../lib/gcc/sw_64sw6a-sunway-linux-gnu/7.1.0]
    arg [-L/usr/sw/swgcc/swgcc710-tools-SEA-1307/usr/bin/../lib/gcc] ==> dir [/usr/sw/swgcc/swgcc710-tools-SEA-1307/usr/bin/../lib/gcc]
    arg [-L/usr/sw/swgcc/swgcc710-tools-SEA-1307/usr/bin/../lib/gcc/sw_64sw6a-sunway-linux-gnu/7.1.0/../../../../sw_64sw6a-sunway-linux-gnu/lib] ==> dir [/usr/sw/swgcc/swgcc710-tools-SEA-1307/usr/bin/../lib/gcc/sw_64sw6a-sunway-linux-gnu/7.1.0/../../../../sw_64sw6a-sunway-linux-gnu/lib]
    arg [-L/usr/sw/swgcc/swgcc710-tools-SEA-1307/usr/bin/../../../swgcc710-tools-SEA-1307/lib] ==> dir [/usr/sw/swgcc/swgcc710-tools-SEA-1307/usr/bin/../../../swgcc710-tools-SEA-1307/lib]
    arg [-L/usr/sw/swgcc/swgcc710-tools-SEA-1307/usr/bin/../../../swgcc710-tools-SEA-1307/usr/lib] ==> dir [/usr/sw/swgcc/swgcc710-tools-SEA-1307/usr/bin/../../../swgcc710-tools-SEA-1307/usr/lib]
    arg [-L/usr/sw/swgcc/swgcc710-tools-SEA-1307/usr/bin/../../../swgcc710-tools-SEA-1307/usr_sw/lib] ==> dir [/usr/sw/swgcc/swgcc710-tools-SEA-1307/usr/bin/../../../swgcc710-tools-SEA-1307/usr_sw/lib]
    arg [-L/usr/sw/swgcc/swgcc710-tools-SEA-1307/usr/bin/../../../swgcc710-tools-SEA-1307/usr_sw/lib/gcc/sw_64sw6a-sunway-linux-gnu/7.1.0] ==> dir [/usr/sw/swgcc/swgcc710-tools-SEA-1307/usr/bin/../../../swgcc710-tools-SEA-1307/usr_sw/lib/gcc/sw_64sw6a-sunway-linux-gnu/7.1.0]
    arg [-L/usr/sw/swgcc/swgcc710-tools-SEA-1307/usr/bin/../../../swgcc710-tools-SEA-1307/usr_sw/sw_64sw6a-sunway-linux-gnu/lib] ==> dir [/usr/sw/swgcc/swgcc710-tools-SEA-1307/usr/bin/../../../swgcc710-tools-SEA-1307/usr_sw/sw_64sw6a-sunway-linux-gnu/lib]
    arg [CMakeFiles/cmTC_42c14.dir/CMakeCCompilerABI.c.o] ==> ignore
    arg [--start-group] ==> ignore
    arg [-lgcc] ==> lib [gcc]
    arg [--as-needed] ==> ignore
    arg [-lgcc_s] ==> lib [gcc_s]
    arg [--no-as-needed] ==> ignore
    arg [-lc] ==> lib [c]
    arg [--end-group] ==> ignore
    arg [/usr/sw/swgcc/swgcc710-tools-SEA-1307/usr/bin/../lib/gcc/sw_64sw6a-sunway-linux-gnu/7.1.0/crtend.o] ==> obj [/usr/sw/swgcc/swgcc710-tools-SEA-1307/usr/bin/../lib/gcc/sw_64sw6a-sunway-linux-gnu/7.1.0/crtend.o]
    arg [/usr/sw/swgcc/swgcc710-tools-SEA-1307/usr/bin/../../../swgcc710-tools-SEA-1307/usr/lib/crtn.o] ==> obj [/usr/sw/swgcc/swgcc710-tools-SEA-1307/usr/bin/../../../swgcc710-tools-SEA-1307/usr/lib/crtn.o]
  collapse obj [/usr/sw/swgcc/swgcc710-tools-SEA-1307/usr/bin/../../../swgcc710-tools-SEA-1307/usr/lib/crt1.o] ==> [/usr/sw/swgcc/swgcc710-tools-SEA-1307/usr/lib/crt1.o]
  collapse obj [/usr/sw/swgcc/swgcc710-tools-SEA-1307/usr/bin/../../../swgcc710-tools-SEA-1307/usr/lib/crti.o] ==> [/usr/sw/swgcc/swgcc710-tools-SEA-1307/usr/lib/crti.o]
  collapse obj [/usr/sw/swgcc/swgcc710-tools-SEA-1307/usr/bin/../lib/gcc/sw_64sw6a-sunway-linux-gnu/7.1.0/crtbegin.o] ==> [/usr/sw/swgcc/swgcc710-tools-SEA-1307/usr/lib/gcc/sw_64sw6a-sunway-linux-gnu/7.1.0/crtbegin.o]
  collapse obj [/usr/sw/swgcc/swgcc710-tools-SEA-1307/usr/bin/../lib/gcc/sw_64sw6a-sunway-linux-gnu/7.1.0/crtend.o] ==> [/usr/sw/swgcc/swgcc710-tools-SEA-1307/usr/lib/gcc/sw_64sw6a-sunway-linux-gnu/7.1.0/crtend.o]
  collapse obj [/usr/sw/swgcc/swgcc710-tools-SEA-1307/usr/bin/../../../swgcc710-tools-SEA-1307/usr/lib/crtn.o] ==> [/usr/sw/swgcc/swgcc710-tools-SEA-1307/usr/lib/crtn.o]
  collapse library dir [/usr/sw/swgcc/swgcc710-tools-SEA-1307/usr/bin/../lib/gcc/sw_64sw6a-sunway-linux-gnu/7.1.0] ==> [/usr/sw/swgcc/swgcc710-tools-SEA-1307/usr/lib/gcc/sw_64sw6a-sunway-linux-gnu/7.1.0]
  collapse library dir [/usr/sw/swgcc/swgcc710-tools-SEA-1307/usr/bin/../lib/gcc] ==> [/usr/sw/swgcc/swgcc710-tools-SEA-1307/usr/lib/gcc]
  collapse library dir [/usr/sw/swgcc/swgcc710-tools-SEA-1307/usr/bin/../lib/gcc/sw_64sw6a-sunway-linux-gnu/7.1.0/../../../../sw_64sw6a-sunway-linux-gnu/lib] ==> [/usr/sw/swgcc/swgcc710-tools-SEA-1307/usr/sw_64sw6a-sunway-linux-gnu/lib]
  collapse library dir [/usr/sw/swgcc/swgcc710-tools-SEA-1307/usr/bin/../../../swgcc710-tools-SEA-1307/lib] ==> [/usr/sw/swgcc/swgcc710-tools-SEA-1307/lib]
  collapse library dir [/usr/sw/swgcc/swgcc710-tools-SEA-1307/usr/bin/../../../swgcc710-tools-SEA-1307/usr/lib] ==> [/usr/sw/swgcc/swgcc710-tools-SEA-1307/usr/lib]
  collapse library dir [/usr/sw/swgcc/swgcc710-tools-SEA-1307/usr/bin/../../../swgcc710-tools-SEA-1307/usr_sw/lib] ==> [/usr/sw/swgcc/swgcc710-tools-SEA-1307/usr_sw/lib]
  collapse library dir [/usr/sw/swgcc/swgcc710-tools-SEA-1307/usr/bin/../../../swgcc710-tools-SEA-1307/usr_sw/lib/gcc/sw_64sw6a-sunway-linux-gnu/7.1.0] ==> [/usr/sw/swgcc/swgcc710-tools-SEA-1307/usr_sw/lib/gcc/sw_64sw6a-sunway-linux-gnu/7.1.0]
  collapse library dir [/usr/sw/swgcc/swgcc710-tools-SEA-1307/usr/bin/../../../swgcc710-tools-SEA-1307/usr_sw/sw_64sw6a-sunway-linux-gnu/lib] ==> [/usr/sw/swgcc/swgcc710-tools-SEA-1307/usr_sw/sw_64sw6a-sunway-linux-gnu/lib]
  implicit libs: [gcc;gcc_s;c]
  implicit objs: [/usr/sw/swgcc/swgcc710-tools-SEA-1307/usr/lib/crt1.o;/usr/sw/swgcc/swgcc710-tools-SEA-1307/usr/lib/crti.o;/usr/sw/swgcc/swgcc710-tools-SEA-1307/usr/lib/gcc/sw_64sw6a-sunway-linux-gnu/7.1.0/crtbegin.o;/usr/sw/swgcc/swgcc710-tools-SEA-1307/usr/lib/gcc/sw_64sw6a-sunway-linux-gnu/7.1.0/crtend.o;/usr/sw/swgcc/swgcc710-tools-SEA-1307/usr/lib/crtn.o]
  implicit dirs: [/usr/sw/swgcc/swgcc710-tools-SEA-1307/usr/lib/gcc/sw_64sw6a-sunway-linux-gnu/7.1.0;/usr/sw/swgcc/swgcc710-tools-SEA-1307/usr/lib/gcc;/usr/sw/swgcc/swgcc710-tools-SEA-1307/usr/sw_64sw6a-sunway-linux-gnu/lib;/usr/sw/swgcc/swgcc710-tools-SEA-1307/lib;/usr/sw/swgcc/swgcc710-tools-SEA-1307/usr/lib;/usr/sw/swgcc/swgcc710-tools-SEA-1307/usr_sw/lib;/usr/sw/swgcc/swgcc710-tools-SEA-1307/usr_sw/lib/gcc/sw_64sw6a-sunway-linux-gnu/7.1.0;/usr/sw/swgcc/swgcc710-tools-SEA-1307/usr_sw/sw_64sw6a-sunway-linux-gnu/lib]
  implicit fwks: []


Performing C SOURCE FILE Test HAVE_WDECLARATION_AFTER_STATEMENT succeeded with the following output:
Change Dir: /home/export/online1/mdt00/shisuan/swls-CFD/guoshi/wzs/code/RabbitBAM/ext/libdeflate-1.20/build/CMakeFiles/CMakeTmp

Run Build Command(s):/usr/bin/gmake -f Makefile cmTC_0884e/fast && /usr/bin/gmake  -f CMakeFiles/cmTC_0884e.dir/build.make CMakeFiles/cmTC_0884e.dir/build
gmake[1]: Entering directory `/home/export/online1/mdt00/shisuan/swls-CFD/guoshi/wzs/code/RabbitBAM/ext/libdeflate-1.20/build/CMakeFiles/CMakeTmp'
Building C object CMakeFiles/cmTC_0884e.dir/src.c.o
/usr/sw/swgcc/swgcc710-tools-SEA-1307/usr/bin/swgcc -DHAVE_WDECLARATION_AFTER_STATEMENT  -Wdeclaration-after-statement -o CMakeFiles/cmTC_0884e.dir/src.c.o -c /home/export/online1/mdt00/shisuan/swls-CFD/guoshi/wzs/code/RabbitBAM/ext/libdeflate-1.20/build/CMakeFiles/CMakeTmp/src.c
Linking C executable cmTC_0884e
/usr/sw/cmake-3.23.0-rc3-linux-x86_64/bin/cmake -E cmake_link_script CMakeFiles/cmTC_0884e.dir/link.txt --verbose=1
/usr/sw/swgcc/swgcc710-tools-SEA-1307/usr/bin/swgcc CMakeFiles/cmTC_0884e.dir/src.c.o -o cmTC_0884e 
gmake[1]: Leaving directory `/home/export/online1/mdt00/shisuan/swls-CFD/guoshi/wzs/code/RabbitBAM/ext/libdeflate-1.20/build/CMakeFiles/CMakeTmp'


Source file was:
int main(void) { return 0; }
Performing C SOURCE FILE Test HAVE_WIMPLICIT_FALLTHROUGH succeeded with the following output:
Change Dir: /home/export/online1/mdt00/shisuan/swls-CFD/guoshi/wzs/code/RabbitBAM/ext/libdeflate-1.20/build/CMakeFiles/CMakeTmp

Run Build Command(s):/usr/bin/gmake -f Makefile cmTC_b44fa/fast && /usr/bin/gmake  -f CMakeFiles/cmTC_b44fa.dir/build.make CMakeFiles/cmTC_b44fa.dir/build
gmake[1]: Entering directory `/home/export/online1/mdt00/shisuan/swls-CFD/guoshi/wzs/code/RabbitBAM/ext/libdeflate-1.20/build/CMakeFiles/CMakeTmp'
Building C object CMakeFiles/cmTC_b44fa.dir/src.c.o
/usr/sw/swgcc/swgcc710-tools-SEA-1307/usr/bin/swgcc -DHAVE_WIMPLICIT_FALLTHROUGH  -Wimplicit-fallthrough -o CMakeFiles/cmTC_b44fa.dir/src.c.o -c /home/export/online1/mdt00/shisuan/swls-CFD/guoshi/wzs/code/RabbitBAM/ext/libdeflate-1.20/build/CMakeFiles/CMakeTmp/src.c
Linking C executable cmTC_b44fa
/usr/sw/cmake-3.23.0-rc3-linux-x86_64/bin/cmake -E cmake_link_script CMakeFiles/cmTC_b44fa.dir/link.txt --verbose=1
/usr/sw/swgcc/swgcc710-tools-SEA-1307/usr/bin/swgcc CMakeFiles/cmTC_b44fa.dir/src.c.o -o cmTC_b44fa 
gmake[1]: Leaving directory `/home/export/online1/mdt00/shisuan/swls-CFD/guoshi/wzs/code/RabbitBAM/ext/libdeflate-1.20/build/CMakeFiles/CMakeTmp'


Source file was:
int main(void) { return 0; }
Performing C SOURCE FILE Test HAVE_WMISSING_FIELD_INITIALIZERS succeeded with the following output:
Change Dir: /home/export/online1/mdt00/shisuan/swls-CFD/guoshi/wzs/code/RabbitBAM/ext/libdeflate-1.20/build/CMakeFiles/CMakeTmp

Run Build Command(s):/usr/bin/gmake -f Makefile cmTC_8a065/fast && /usr/bin/gmake  -f CMakeFiles/cmTC_8a065.dir/build.make CMakeFiles/cmTC_8a065.dir/build
gmake[1]: Entering directory `/home/export/online1/mdt00/shisuan/swls-CFD/guoshi/wzs/code/RabbitBAM/ext/libdeflate-1.20/build/CMakeFiles/CMakeTmp'
Building C object CMakeFiles/cmTC_8a065.dir/src.c.o
/usr/sw/swgcc/swgcc710-tools-SEA-1307/usr/bin/swgcc -DHAVE_WMISSING_FIELD_INITIALIZERS  -Wmissing-field-initializers -o CMakeFiles/cmTC_8a065.dir/src.c.o -c /home/export/online1/mdt00/shisuan/swls-CFD/guoshi/wzs/code/RabbitBAM/ext/libdeflate-1.20/build/CMakeFiles/CMakeTmp/src.c
Linking C executable cmTC_8a065
/usr/sw/cmake-3.23.0-rc3-linux-x86_64/bin/cmake -E cmake_link_script CMakeFiles/cmTC_8a065.dir/link.txt --verbose=1
/usr/sw/swgcc/swgcc710-tools-SEA-1307/usr/bin/swgcc CMakeFiles/cmTC_8a065.dir/src.c.o -o cmTC_8a065 
gmake[1]: Leaving directory `/home/export/online1/mdt00/shisuan/swls-CFD/guoshi/wzs/code/RabbitBAM/ext/libdeflate-1.20/build/CMakeFiles/CMakeTmp'


Source file was:
int main(void) { return 0; }
Performing C SOURCE FILE Test HAVE_WMISSING_PROTOTYPES succeeded with the following output:
Change Dir: /home/export/online1/mdt00/shisuan/swls-CFD/guoshi/wzs/code/RabbitBAM/ext/libdeflate-1.20/build/CMakeFiles/CMakeTmp

Run Build Command(s):/usr/bin/gmake -f Makefile cmTC_2abe7/fast && /usr/bin/gmake  -f CMakeFiles/cmTC_2abe7.dir/build.make CMakeFiles/cmTC_2abe7.dir/build
gmake[1]: Entering directory `/home/export/online1/mdt00/shisuan/swls-CFD/guoshi/wzs/code/RabbitBAM/ext/libdeflate-1.20/build/CMakeFiles/CMakeTmp'
Building C object CMakeFiles/cmTC_2abe7.dir/src.c.o
/usr/sw/swgcc/swgcc710-tools-SEA-1307/usr/bin/swgcc -DHAVE_WMISSING_PROTOTYPES  -Wmissing-prototypes -o CMakeFiles/cmTC_2abe7.dir/src.c.o -c /home/export/online1/mdt00/shisuan/swls-CFD/guoshi/wzs/code/RabbitBAM/ext/libdeflate-1.20/build/CMakeFiles/CMakeTmp/src.c
Linking C executable cmTC_2abe7
/usr/sw/cmake-3.23.0-rc3-linux-x86_64/bin/cmake -E cmake_link_script CMakeFiles/cmTC_2abe7.dir/link.txt --verbose=1
/usr/sw/swgcc/swgcc710-tools-SEA-1307/usr/bin/swgcc CMakeFiles/cmTC_2abe7.dir/src.c.o -o cmTC_2abe7 
gmake[1]: Leaving directory `/home/export/online1/mdt00/shisuan/swls-CFD/guoshi/wzs/code/RabbitBAM/ext/libdeflate-1.20/build/CMakeFiles/CMakeTmp'


Source file was:
int main(void) { return 0; }
Performing C SOURCE FILE Test HAVE_WPEDANTIC succeeded with the following output:
Change Dir: /home/export/online1/mdt00/shisuan/swls-CFD/guoshi/wzs/code/RabbitBAM/ext/libdeflate-1.20/build/CMakeFiles/CMakeTmp

Run Build Command(s):/usr/bin/gmake -f Makefile cmTC_6e9b6/fast && /usr/bin/gmake  -f CMakeFiles/cmTC_6e9b6.dir/build.make CMakeFiles/cmTC_6e9b6.dir/build
gmake[1]: Entering directory `/home/export/online1/mdt00/shisuan/swls-CFD/guoshi/wzs/code/RabbitBAM/ext/libdeflate-1.20/build/CMakeFiles/CMakeTmp'
Building C object CMakeFiles/cmTC_6e9b6.dir/src.c.o
/usr/sw/swgcc/swgcc710-tools-SEA-1307/usr/bin/swgcc -DHAVE_WPEDANTIC  -Wpedantic -o CMakeFiles/cmTC_6e9b6.dir/src.c.o -c /home/export/online1/mdt00/shisuan/swls-CFD/guoshi/wzs/code/RabbitBAM/ext/libdeflate-1.20/build/CMakeFiles/CMakeTmp/src.c
Linking C executable cmTC_6e9b6
/usr/sw/cmake-3.23.0-rc3-linux-x86_64/bin/cmake -E cmake_link_script CMakeFiles/cmTC_6e9b6.dir/link.txt --verbose=1
/usr/sw/swgcc/swgcc710-tools-SEA-1307/usr/bin/swgcc CMakeFiles/cmTC_6e9b6.dir/src.c.o -o cmTC_6e9b6 
gmake[1]: Leaving directory `/home/export/online1/mdt00/shisuan/swls-CFD/guoshi/wzs/code/RabbitBAM/ext/libdeflate-1.20/build/CMakeFiles/CMakeTmp'


Source file was:
int main(void) { return 0; }
Performing C SOURCE FILE Test HAVE_WSHADOW succeeded with the following output:
Change Dir: /home/export/online1/mdt00/shisuan/swls-CFD/guoshi/wzs/code/RabbitBAM/ext/libdeflate-1.20/build/CMakeFiles/CMakeTmp

Run Build Command(s):/usr/bin/gmake -f Makefile cmTC_ad563/fast && /usr/bin/gmake  -f CMakeFiles/cmTC_ad563.dir/build.make CMakeFiles/cmTC_ad563.dir/build
gmake[1]: Entering directory `/home/export/online1/mdt00/shisuan/swls-CFD/guoshi/wzs/code/RabbitBAM/ext/libdeflate-1.20/build/CMakeFiles/CMakeTmp'
Building C object CMakeFiles/cmTC_ad563.dir/src.c.o
/usr/sw/swgcc/swgcc710-tools-SEA-1307/usr/bin/swgcc -DHAVE_WSHADOW  -Wshadow -o CMakeFiles/cmTC_ad563.dir/src.c.o -c /home/export/online1/mdt00/shisuan/swls-CFD/guoshi/wzs/code/RabbitBAM/ext/libdeflate-1.20/build/CMakeFiles/CMakeTmp/src.c
Linking C executable cmTC_ad563
/usr/sw/cmake-3.23.0-rc3-linux-x86_64/bin/cmake -E cmake_link_script CMakeFiles/cmTC_ad563.dir/link.txt --verbose=1
/usr/sw/swgcc/swgcc710-tools-SEA-1307/usr/bin/swgcc CMakeFiles/cmTC_ad563.dir/src.c.o -o cmTC_ad563 
gmake[1]: Leaving directory `/home/export/online1/mdt00/shisuan/swls-CFD/guoshi/wzs/code/RabbitBAM/ext/libdeflate-1.20/build/CMakeFiles/CMakeTmp'


Source file was:
int main(void) { return 0; }
Performing C SOURCE FILE Test HAVE_WSTRICT_PROTOTYPES succeeded with the following output:
Change Dir: /home/export/online1/mdt00/shisuan/swls-CFD/guoshi/wzs/code/RabbitBAM/ext/libdeflate-1.20/build/CMakeFiles/CMakeTmp

Run Build Command(s):/usr/bin/gmake -f Makefile cmTC_354d5/fast && /usr/bin/gmake  -f CMakeFiles/cmTC_354d5.dir/build.make CMakeFiles/cmTC_354d5.dir/build
gmake[1]: Entering directory `/home/export/online1/mdt00/shisuan/swls-CFD/guoshi/wzs/code/RabbitBAM/ext/libdeflate-1.20/build/CMakeFiles/CMakeTmp'
Building C object CMakeFiles/cmTC_354d5.dir/src.c.o
/usr/sw/swgcc/swgcc710-tools-SEA-1307/usr/bin/swgcc -DHAVE_WSTRICT_PROTOTYPES  -Wstrict-prototypes -o CMakeFiles/cmTC_354d5.dir/src.c.o -c /home/export/online1/mdt00/shisuan/swls-CFD/guoshi/wzs/code/RabbitBAM/ext/libdeflate-1.20/build/CMakeFiles/CMakeTmp/src.c
Linking C executable cmTC_354d5
/usr/sw/cmake-3.23.0-rc3-linux-x86_64/bin/cmake -E cmake_link_script CMakeFiles/cmTC_354d5.dir/link.txt --verbose=1
/usr/sw/swgcc/swgcc710-tools-SEA-1307/usr/bin/swgcc CMakeFiles/cmTC_354d5.dir/src.c.o -o cmTC_354d5 
gmake[1]: Leaving directory `/home/export/online1/mdt00/shisuan/swls-CFD/guoshi/wzs/code/RabbitBAM/ext/libdeflate-1.20/build/CMakeFiles/CMakeTmp'


Source file was:
int main(void) { return 0; }
Performing C SOURCE FILE Test HAVE_WUNDEF succeeded with the following output:
Change Dir: /home/export/online1/mdt00/shisuan/swls-CFD/guoshi/wzs/code/RabbitBAM/ext/libdeflate-1.20/build/CMakeFiles/CMakeTmp

Run Build Command(s):/usr/bin/gmake -f Makefile cmTC_6f9a9/fast && /usr/bin/gmake  -f CMakeFiles/cmTC_6f9a9.dir/build.make CMakeFiles/cmTC_6f9a9.dir/build
gmake[1]: Entering directory `/home/export/online1/mdt00/shisuan/swls-CFD/guoshi/wzs/code/RabbitBAM/ext/libdeflate-1.20/build/CMakeFiles/CMakeTmp'
Building C object CMakeFiles/cmTC_6f9a9.dir/src.c.o
/usr/sw/swgcc/swgcc710-tools-SEA-1307/usr/bin/swgcc -DHAVE_WUNDEF  -Wundef -o CMakeFiles/cmTC_6f9a9.dir/src.c.o -c /home/export/online1/mdt00/shisuan/swls-CFD/guoshi/wzs/code/RabbitBAM/ext/libdeflate-1.20/build/CMakeFiles/CMakeTmp/src.c
Linking C executable cmTC_6f9a9
/usr/sw/cmake-3.23.0-rc3-linux-x86_64/bin/cmake -E cmake_link_script CMakeFiles/cmTC_6f9a9.dir/link.txt --verbose=1
/usr/sw/swgcc/swgcc710-tools-SEA-1307/usr/bin/swgcc CMakeFiles/cmTC_6f9a9.dir/src.c.o -o cmTC_6f9a9 
gmake[1]: Leaving directory `/home/export/online1/mdt00/shisuan/swls-CFD/guoshi/wzs/code/RabbitBAM/ext/libdeflate-1.20/build/CMakeFiles/CMakeTmp'


Source file was:
int main(void) { return 0; }
Performing C SOURCE FILE Test HAVE_WVLA succeeded with the following output:
Change Dir: /home/export/online1/mdt00/shisuan/swls-CFD/guoshi/wzs/code/RabbitBAM/ext/libdeflate-1.20/build/CMakeFiles/CMakeTmp

Run Build Command(s):/usr/bin/gmake -f Makefile cmTC_a8c30/fast && /usr/bin/gmake  -f CMakeFiles/cmTC_a8c30.dir/build.make CMakeFiles/cmTC_a8c30.dir/build
gmake[1]: Entering directory `/home/export/online1/mdt00/shisuan/swls-CFD/guoshi/wzs/code/RabbitBAM/ext/libdeflate-1.20/build/CMakeFiles/CMakeTmp'
Building C object CMakeFiles/cmTC_a8c30.dir/src.c.o
/usr/sw/swgcc/swgcc710-tools-SEA-1307/usr/bin/swgcc -DHAVE_WVLA  -Wvla -o CMakeFiles/cmTC_a8c30.dir/src.c.o -c /home/export/online1/mdt00/shisuan/swls-CFD/guoshi/wzs/code/RabbitBAM/ext/libdeflate-1.20/build/CMakeFiles/CMakeTmp/src.c
Linking C executable cmTC_a8c30
/usr/sw/cmake-3.23.0-rc3-linux-x86_64/bin/cmake -E cmake_link_script CMakeFiles/cmTC_a8c30.dir/link.txt --verbose=1
/usr/sw/swgcc/swgcc710-tools-SEA-1307/usr/bin/swgcc CMakeFiles/cmTC_a8c30.dir/src.c.o -o cmTC_a8c30 
gmake[1]: Leaving directory `/home/export/online1/mdt00/shisuan/swls-CFD/guoshi/wzs/code/RabbitBAM/ext/libdeflate-1.20/build/CMakeFiles/CMakeTmp'


Source file was:
int main(void) { return 0; }
Determining if the clock_gettime exist passed with the following output:
Change Dir: /home/export/online1/mdt00/shisuan/swls-CFD/guoshi/wzs/code/RabbitBAM/ext/libdeflate-1.20/build/CMakeFiles/CMakeTmp

Run Build Command(s):/usr/bin/gmake -f Makefile cmTC_a3d06/fast && /usr/bin/gmake  -f CMakeFiles/cmTC_a3d06.dir/build.make CMakeFiles/cmTC_a3d06.dir/build
gmake[1]: Entering directory `/home/export/online1/mdt00/shisuan/swls-CFD/guoshi/wzs/code/RabbitBAM/ext/libdeflate-1.20/build/CMakeFiles/CMakeTmp'
Building C object CMakeFiles/cmTC_a3d06.dir/CheckSymbolExists.c.o
/usr/sw/swgcc/swgcc710-tools-SEA-1307/usr/bin/swgcc   -U_POSIX_C_SOURCE -o CMakeFiles/cmTC_a3d06.dir/CheckSymbolExists.c.o -c /home/export/online1/mdt00/shisuan/swls-CFD/guoshi/wzs/code/RabbitBAM/ext/libdeflate-1.20/build/CMakeFiles/CMakeTmp/CheckSymbolExists.c
Linking C executable cmTC_a3d06
/usr/sw/cmake-3.23.0-rc3-linux-x86_64/bin/cmake -E cmake_link_script CMakeFiles/cmTC_a3d06.dir/link.txt --verbose=1
/usr/sw/swgcc/swgcc710-tools-SEA-1307/usr/bin/swgcc CMakeFiles/cmTC_a3d06.dir/CheckSymbolExists.c.o -o cmTC_a3d06 
gmake[1]: Leaving directory `/home/export/online1/mdt00/shisuan/swls-CFD/guoshi/wzs/code/RabbitBAM/ext/libdeflate-1.20/build/CMakeFiles/CMakeTmp'


File /home/export/online1/mdt00/shisuan/swls-CFD/guoshi/wzs/code/RabbitBAM/ext/libdeflate-1.20/build/CMakeFiles/CMakeTmp/CheckSymbolExists.c:
/* */
#include <time.h>

int main(int argc, char** argv)
{
  (void)argv;
#ifndef clock_gettime
  return ((int*)(&clock_gettime))[argc];
#else
  (void)argc;
  return 0;
#endif
}
Determining if the futimens exist passed with the following output:
Change Dir: /home/export/online1/mdt00/shisuan/swls-CFD/guoshi/wzs/code/RabbitBAM/ext/libdeflate-1.20/build/CMakeFiles/CMakeTmp

Run Build Command(s):/usr/bin/gmake -f Makefile cmTC_52e05/fast && /usr/bin/gmake  -f CMakeFiles/cmTC_52e05.dir/build.make CMakeFiles/cmTC_52e05.dir/build
gmake[1]: Entering directory `/home/export/online1/mdt00/shisuan/swls-CFD/guoshi/wzs/code/RabbitBAM/ext/libdeflate-1.20/build/CMakeFiles/CMakeTmp'
Building C object CMakeFiles/cmTC_52e05.dir/CheckSymbolExists.c.o
/usr/sw/swgcc/swgcc710-tools-SEA-1307/usr/bin/swgcc   -U_POSIX_C_SOURCE -o CMakeFiles/cmTC_52e05.dir/CheckSymbolExists.c.o -c /home/export/online1/mdt00/shisuan/swls-CFD/guoshi/wzs/code/RabbitBAM/ext/libdeflate-1.20/build/CMakeFiles/CMakeTmp/CheckSymbolExists.c
Linking C executable cmTC_52e05
/usr/sw/cmake-3.23.0-rc3-linux-x86_64/bin/cmake -E cmake_link_script CMakeFiles/cmTC_52e05.dir/link.txt --verbose=1
/usr/sw/swgcc/swgcc710-tools-SEA-1307/usr/bin/swgcc CMakeFiles/cmTC_52e05.dir/CheckSymbolExists.c.o -o cmTC_52e05 
gmake[1]: Leaving directory `/home/export/online1/mdt00/shisuan/swls-CFD/guoshi/wzs/code/RabbitBAM/ext/libdeflate-1.20/build/CMakeFiles/CMakeTmp'


File /home/export/online1/mdt00/shisuan/swls-CFD/guoshi/wzs/code/RabbitBAM/ext/libdeflate-1.20/build/CMakeFiles/CMakeTmp/CheckSymbolExists.c:
/* */
#include <fcntl.h>
#include <sys/stat.h>

int main(int argc, char** argv)
{
  (void)argv;
#ifndef futimens
  return ((int*)(&futimens))[argc];
#else
  (void)argc;
  return 0;
#endif
}
Determining if the posix_fadvise exist passed with the following output:
Change Dir: /home/export/online1/mdt00/shisuan/swls-CFD/guoshi/wzs/code/RabbitBAM/ext/libdeflate-1.20/build/CMakeFiles/CMakeTmp

Run Build Command(s):/usr/bin/gmake -f Makefile cmTC_7c242/fast && /usr/bin/gmake  -f CMakeFiles/cmTC_7c242.dir/build.make CMakeFiles/cmTC_7c242.dir/build
gmake[1]: Entering directory `/home/export/online1/mdt00/shisuan/swls-CFD/guoshi/wzs/code/RabbitBAM/ext/libdeflate-1.20/build/CMakeFiles/CMakeTmp'
Building C object CMakeFiles/cmTC_7c242.dir/CheckSymbolExists.c.o
/usr/sw/swgcc/swgcc710-tools-SEA-1307/usr/bin/swgcc   -U_POSIX_C_SOURCE -o CMakeFiles/cmTC_7c242.dir/CheckSymbolExists.c.o -c /home/export/online1/mdt00/shisuan/swls-CFD/guoshi/wzs/code/RabbitBAM/ext/libdeflate-1.20/build/CMakeFiles/CMakeTmp/CheckSymbolExists.c
Linking C executable cmTC_7c242
/usr/sw/cmake-3.23.0-rc3-linux-x86_64/bin/cmake -E cmake_link_script CMakeFiles/cmTC_7c242.dir/link.txt --verbose=1
/usr/sw/swgcc/swgcc710-tools-SEA-1307/usr/bin/swgcc CMakeFiles/cmTC_7c242.dir/CheckSymbolExists.c.o -o cmTC_7c242 
gmake[1]: Leaving directory `/home/export/online1/mdt00/shisuan/swls-CFD/guoshi/wzs/code/RabbitBAM/ext/libdeflate-1.20/build/CMakeFiles/CMakeTmp'


File /home/export/online1/mdt00/shisuan/swls-CFD/guoshi/wzs/code/RabbitBAM/ext/libdeflate-1.20/build/CMakeFiles/CMakeTmp/CheckSymbolExists.c:
/* */
#include <fcntl.h>

int main(int argc, char** argv)
{
  (void)argv;
#ifndef posix_fadvise
  return ((int*)(&posix_fadvise))[argc];
#else
  (void)argc;
  return 0;
#endif
}
Determining if the posix_madvise exist passed with the following output:
Change Dir: /home/export/online1/mdt00/shisuan/swls-CFD/guoshi/wzs/code/RabbitBAM/ext/libdeflate-1.20/build/CMakeFiles/CMakeTmp

Run Build Command(s):/usr/bin/gmake -f Makefile cmTC_7580e/fast && /usr/bin/gmake  -f CMakeFiles/cmTC_7580e.dir/build.make CMakeFiles/cmTC_7580e.dir/build
gmake[1]: Entering directory `/home/export/online1/mdt00/shisuan/swls-CFD/guoshi/wzs/code/RabbitBAM/ext/libdeflate-1.20/build/CMakeFiles/CMakeTmp'
Building C object CMakeFiles/cmTC_7580e.dir/CheckSymbolExists.c.o
/usr/sw/swgcc/swgcc710-tools-SEA-1307/usr/bin/swgcc   -U_POSIX_C_SOURCE -o CMakeFiles/cmTC_7580e.dir/CheckSymbolExists.c.o -c /home/export/online1/mdt00/shisuan/swls-CFD/guoshi/wzs/code/RabbitBAM/ext/libdeflate-1.20/build/CMakeFiles/CMakeTmp/CheckSymbolExists.c
Linking C executable cmTC_7580e
/usr/sw/cmake-3.23.0-rc3-linux-x86_64/bin/cmake -E cmake_link_script CMakeFiles/cmTC_7580e.dir/link.txt --verbose=1
/usr/sw/swgcc/swgcc710-tools-SEA-1307/usr/bin/swgcc CMakeFiles/cmTC_7580e.dir/CheckSymbolExists.c.o -o cmTC_7580e 
gmake[1]: Leaving directory `/home/export/online1/mdt00/shisuan/swls-CFD/guoshi/wzs/code/RabbitBAM/ext/libdeflate-1.20/build/CMakeFiles/CMakeTmp'


File /home/export/online1/mdt00/shisuan/swls-CFD/guoshi/wzs/code/RabbitBAM/ext/libdeflate-1.20/build/CMakeFiles/CMakeTmp/CheckSymbolExists.c:
/* */
#include <sys/mman.h>

int main(int argc, char** argv)
{
  (void)argv;
#ifndef posix_madvise
  return ((int*)(&posix_madvise))[argc];
#else
  (void)argc;
  return 0;
#endif
}
Performing C SOURCE FILE Test HAVE_STAT_NANOSECOND_PRECISION succeeded with the following output:
Change Dir: /home/export/online1/mdt00/shisuan/swls-CFD/guoshi/wzs/code/RabbitBAM/ext/libdeflate-1.20/build/CMakeFiles/CMakeTmp

Run Build Command(s):/usr/bin/gmake -f Makefile cmTC_727a0/fast && /usr/bin/gmake  -f CMakeFiles/cmTC_727a0.dir/build.make CMakeFiles/cmTC_727a0.dir/build
gmake[1]: Entering directory `/home/export/online1/mdt00/shisuan/swls-CFD/guoshi/wzs/code/RabbitBAM/ext/libdeflate-1.20/build/CMakeFiles/CMakeTmp'
Building C object CMakeFiles/cmTC_727a0.dir/src.c.o
/usr/sw/swgcc/swgcc710-tools-SEA-1307/usr/bin/swgcc -DHAVE_STAT_NANOSECOND_PRECISION  -U_POSIX_C_SOURCE -o CMakeFiles/cmTC_727a0.dir/src.c.o -c /home/export/online1/mdt00/shisuan/swls-CFD/guoshi/wzs/code/RabbitBAM/ext/libdeflate-1.20/build/CMakeFiles/CMakeTmp/src.c
Linking C executable cmTC_727a0
/usr/sw/cmake-3.23.0-rc3-linux-x86_64/bin/cmake -E cmake_link_script CMakeFiles/cmTC_727a0.dir/link.txt --verbose=1
/usr/sw/swgcc/swgcc710-tools-SEA-1307/usr/bin/swgcc CMakeFiles/cmTC_727a0.dir/src.c.o -o cmTC_727a0 
gmake[1]: Leaving directory `/home/export/online1/mdt00/shisuan/swls-CFD/guoshi/wzs/code/RabbitBAM/ext/libdeflate-1.20/build/CMakeFiles/CMakeTmp'


Source file was:
#include <sys/types.h>
                         #include <sys/stat.h>
                         int main() { struct stat st; (void)st.st_atim; }
